Godot Engine v4.7.1.stable.official.a13da4feb - https://godotengine.org

[   0% ] [90m[1mfirst_scan_filesystem[22m | Started Project initialization (5 steps)[39m[0m
[   0% ] [90m[1mfirst_scan_filesystem[22m | Scanning file structure...[39m[0m
[  16% ] [90m[1mfirst_scan_filesystem[22m | Loading global class names...[39m[0m
[  33% ] [90m[1mfirst_scan_filesystem[22m | Verifying GDExtensions...[39m[0m
[  50% ] [90m[1mfirst_scan_filesystem[22m | Creating autoload scripts...[39m[0m
[  66% ] [90m[1mfirst_scan_filesystem[22m | Initializing plugins...[39m[0m
[  83% ] [90m[1mfirst_scan_filesystem[22m | Starting file scan...[39m[0m
[92m[ DONE ][39m [1mfirst_scan_filesystem[22m
[0m
[   0% ] [90m[1mexport[22m | Started Exporting for macOS (3 steps)[39m[0m
[   0% ] [90m[1mexport[22m | Creating app bundle[39m[0m
[  25% ] [90m[1mexport[22m | Making PKG[39m[0m
[   0% ] [90m[1msavepack[22m | Started Packing (102 steps)[39m[0m
[   1% ] [90m[1msavepack[22m | Storing File: res://.godot/imported/game-icon.svg-e9cfef8a972e8b2a5c39f7c28e804b1c.ctex[39m[0m
[   1% ] [90m[1msavepack[22m | Storing File: res://assets/branding/game-icon.svg.import[39m[0m
[   1% ] [90m[1msavepack[22m | Storing File: res://.godot/exported/133200997/export-2c958f61173e77afeafeef6d1bf14631-interface_heading.res[39m[0m
[   1% ] [90m[1msavepack[22m | Storing File: res://.godot/exported/133200997/export-27672effd6accbc56de595f2d3b8f54c-interface_regular.res[39m[0m
[   2% ] [90m[1msavepack[22m | Storing File: res://.godot/imported/NotoSansSC-Variable.ttf-70b5073a51e7ea4f966271447f3c7a60.fontdata[39m[0m
[   2% ] [90m[1msavepack[22m | Storing File: res://assets/fonts/NotoSansSC-Variable.ttf.import[39m[0m
[   2% ] [90m[1msavepack[22m | Storing File: res://experiments/candidate_proxy/driver.gdc[39m[0m
[   3% ] [90m[1msavepack[22m | Storing File: res://experiments/candidate_proxy/prediction_policy.gdc[39m[0m
[   3% ] [90m[1msavepack[22m | Storing File: res://experiments/candidate_proxy/representation_policy.gdc[39m[0m
[   4% ] [90m[1msavepack[22m | Storing File: res://experiments/candidate_proxy/service_policy.gdc[39m[0m
[   4% ] [90m[1msavepack[22m | Storing File: res://experiments/candidate_session/completion_presentation.gdc[39m[0m
[   5% ] [90m[1msavepack[22m | Storing File: res://experiments/candidate_session/context.gdc[39m[0m
[   5% ] [90m[1msavepack[22m | Storing File: res://experiments/candidate_session/designs.gdc[39m[0m
[   5% ] [90m[1msavepack[22m | Storing File: res://experiments/candidate_session/design_shelf.gdc[39m[0m
[   6% ] [90m[1msavepack[22m | Storing File: res://experiments/candidate_session/files.gdc[39m[0m
[   6% ] [90m[1msavepack[22m | Storing File: res://experiments/candidate_session/journey_review.gdc[39m[0m
[   7% ] [90m[1msavepack[22m | Storing File: res://experiments/candidate_session/navigation_intent.gdc[39m[0m
[   7% ] [90m[1msavepack[22m | Storing File: res://experiments/candidate_session/writer_lease.gdc[39m[0m
[   8% ] [90m[1msavepack[22m | Storing File: res://experiments/candidate_session/writer_retry.gdc[39m[0m
[   8% ] [90m[1msavepack[22m | Storing File: res://experiments/creation/calibrate.gdc[39m[0m
[   9% ] [90m[1msavepack[22m | Storing File: res://experiments/creation/catalog.gdc[39m[0m
[   9% ] [90m[1msavepack[22m | Storing File: res://experiments/creation/causal_panel.gdc[39m[0m
[   9% ] [90m[1msavepack[22m | Storing File: res://experiments/creation/codec.gdc[39m[0m
[  10% ] [90m[1msavepack[22m | Storing File: res://experiments/creation/comparison.gdc[39m[0m
[  10% ] [90m[1msavepack[22m | Storing File: res://experiments/creation/condition_examples.gdc[39m[0m
[  11% ] [90m[1msavepack[22m | Storing File: res://experiments/creation/cost_ledger.gdc[39m[0m
[  11% ] [90m[1msavepack[22m | Storing File: res://experiments/creation/cost_ledger_view.gdc[39m[0m
[  12% ] [90m[1msavepack[22m | Storing File: res://experiments/creation/explanation.gdc[39m[0m
[  12% ] [90m[1msavepack[22m | Storing File: res://experiments/creation/model.gdc[39m[0m
[  13% ] [90m[1msavepack[22m | Storing File: res://experiments/creation/session.gdc[39m[0m
[  13% ] [90m[1msavepack[22m | Storing File: res://experiments/creation/signal_view.gdc[39m[0m
[  13% ] [90m[1msavepack[22m | Storing File: res://experiments/creation/workbench.gdc[39m[0m
[  14% ] [90m[1msavepack[22m | Storing File: res://.godot/exported/133200997/export-75d52c8c6f4f570f65b3cf58e97a56bc-workbench.scn[39m[0m
[  14% ] [90m[1msavepack[22m | Storing File: res://experiments/creation/work_canvas.gdc[39m[0m
[  15% ] [90m[1msavepack[22m | Storing File: res://experiments/creation/work_focus.gdc[39m[0m
[  15% ] [90m[1msavepack[22m | Storing File: res://experiments/evidence_proxy/driver.gdc[39m[0m
[  16% ] [90m[1msavepack[22m | Storing File: res://experiments/evidence_proxy/policy.gdc[39m[0m
[  16% ] [90m[1msavepack[22m | Storing File: res://.godot/exported/133200997/export-146ab2c3c410578d7621f70508831f91-lab.scn[39m[0m
[  17% ] [90m[1msavepack[22m | Storing File: res://experiments/intelligent_workload/model.gdc[39m[0m
[  17% ] [90m[1msavepack[22m | Storing File: res://experiments/intelligent_workload/state_lab.gdc[39m[0m
[  17% ] [90m[1msavepack[22m | Storing File: res://.godot/exported/133200997/export-8852d9cc69773ee4d6ac302722d2e36c-state_lab.scn[39m[0m
[  18% ] [90m[1msavepack[22m | Storing File: res://experiments/intelligent_workload/state_model.gdc[39m[0m
[  18% ] [90m[1msavepack[22m | Storing File: res://experiments/prediction/catalog.gdc[39m[0m
[  19% ] [90m[1msavepack[22m | Storing File: res://experiments/prediction/lab.gdc[39m[0m
[  19% ] [90m[1msavepack[22m | Storing File: res://.godot/exported/133200997/export-39aca5dd598a2b423a259b544aa5b953-lab.scn[39m[0m
[  20% ] [90m[1msavepack[22m | Storing File: res://experiments/prediction/model.gdc[39m[0m
[  20% ] [90m[1msavepack[22m | Storing File: res://experiments/prediction/predictor.gdc[39m[0m
[  21% ] [90m[1msavepack[22m | Storing File: res://experiments/representation/decoded_cache.gdc[39m[0m
[  21% ] [90m[1msavepack[22m | Storing File: res://experiments/representation/lab.gdc[39m[0m
[  21% ] [90m[1msavepack[22m | Storing File: res://.godot/exported/133200997/export-66773e344dc2ebb4b52dc2bd5629b769-lab.scn[39m[0m
[  22% ] [90m[1msavepack[22m | Storing File: res://experiments/representation/model.gdc[39m[0m
[  22% ] [90m[1msavepack[22m | Storing File: res://experiments/representation/plan_model.gdc[39m[0m
[  23% ] [90m[1msavepack[22m | Storing File: res://experiments/representation/puzzle.gdc[39m[0m
[  23% ] [90m[1msavepack[22m | Storing File: res://.godot/exported/133200997/export-54b737c8377c859446c8ac692fbe2f21-puzzle.scn[39m[0m
[  24% ] [90m[1msavepack[22m | Storing File: res://experiments/representation_region/byte_board.gdc[39m[0m
[  24% ] [90m[1msavepack[22m | Storing File: res://experiments/representation_region/catalog.gdc[39m[0m
[  25% ] [90m[1msavepack[22m | Storing File: res://experiments/representation_region/model.gdc[39m[0m
[  25% ] [90m[1msavepack[22m | Storing File: res://experiments/representation_region/order_cost_strip.gdc[39m[0m
[  26% ] [90m[1msavepack[22m | Storing File: res://experiments/representation_region/region.gdc[39m[0m
[  26% ] [90m[1msavepack[22m | Storing File: res://.godot/exported/133200997/export-2c43daa98389b06f5fdd44b60b6c6712-region.scn[39m[0m
[  26% ] [90m[1msavepack[22m | Storing File: res://experiments/representation_region/session_store.gdc[39m[0m
[  27% ] [90m[1msavepack[22m | Storing File: res://experiments/representation_region/trace_player.gdc[39m[0m
[  27% ] [90m[1msavepack[22m | Storing File: res://experiments/service_plan/briefing.gdc[39m[0m
[  28% ] [90m[1msavepack[22m | Storing File: res://experiments/service_plan/commissions.gdc[39m[0m
[  28% ] [90m[1msavepack[22m | Storing File: res://experiments/service_plan/comparison_chart.gdc[39m[0m
[  29% ] [90m[1msavepack[22m | Storing File: res://experiments/service_plan/event_presenter.gdc[39m[0m
[  29% ] [90m[1msavepack[22m | Storing File: res://experiments/service_plan/group_list.gdc[39m[0m
[  30% ] [90m[1msavepack[22m | Storing File: res://experiments/service_plan/lab.gdc[39m[0m
[  30% ] [90m[1msavepack[22m | Storing File: res://.godot/exported/133200997/export-5a71f74e873afd7325db0abed607917d-lab.scn[39m[0m
[  30% ] [90m[1msavepack[22m | Storing File: res://experiments/service_plan/model.gdc[39m[0m
[  31% ] [90m[1msavepack[22m | Storing File: res://experiments/service_plan/quality_evidence.gdc[39m[0m
[  31% ] [90m[1msavepack[22m | Storing File: res://experiments/service_plan/response_chart.gdc[39m[0m
[  32% ] [90m[1msavepack[22m | Storing File: res://experiments/service_plan/response_journey_view.gdc[39m[0m
[  32% ] [90m[1msavepack[22m | Storing File: res://experiments/service_plan/session_store.gdc[39m[0m
[  33% ] [90m[1msavepack[22m | Storing File: res://experiments/service_plan/state_replay.gdc[39m[0m
[  33% ] [90m[1msavepack[22m | Storing File: res://experiments/service_plan/state_replay_view.gdc[39m[0m
[  33% ] [90m[1msavepack[22m | Storing File: res://experiments/candidate_input.gdc[39m[0m
[  33% ] [90m[1msavepack[22m | Storing File: res://experiments/play_candidates.gdc[39m[0m
[  33% ] [90m[1msavepack[22m | Storing File: res://experiments/play_commissions.gdc[39m[0m
[  34% ] [90m[1msavepack[22m | Storing File: res://experiments/play_depth.gdc[39m[0m
[  34% ] [90m[1msavepack[22m | Storing File: res://experiments/play_journeys.gdc[39m[0m
[  35% ] [90m[1msavepack[22m | Storing File: res://experiments/play_labs.gdc[39m[0m
[  35% ] [90m[1msavepack[22m | Storing File: res://experiments/play_second_act.gdc[39m[0m
[  36% ] [90m[1msavepack[22m | Storing File: res://experiments/play_state_journey.gdc[39m[0m
[  36% ] [90m[1msavepack[22m | Storing File: res://experiments/viewport_input.gdc[39m[0m
[  37% ] [90m[1msavepack[22m | Storing File: res://localization/game.en.po[39m[0m
[  37% ] [90m[1msavepack[22m | Storing File: res://localization/game.zh_CN.po[39m[0m
[  37% ] [90m[1msavepack[22m | Storing File: res://src/ui/trace_ambience_player.gdc[39m[0m
[  38% ] [90m[1msavepack[22m | Storing File: res://src/ui/trace_overlay.gdc[39m[0m
[  38% ] [90m[1msavepack[22m | Storing File: res://src/ui/ui_motion.gdc[39m[0m
[  39% ] [90m[1msavepack[22m | Storing File: res://src/ui/trace_ambience_profile.gdc[39m[0m
[  39% ] [90m[1msavepack[22m | Storing File: res://src/ui/theme_reflection.gdc[39m[0m
[  40% ] [90m[1msavepack[22m | Storing File: res://src/ui/terminology_handbook.gdc[39m[0m
[  40% ] [90m[1msavepack[22m | Storing File: res://src/ui/ui_typography.gdc[39m[0m
[  41% ] [90m[1msavepack[22m | Storing File: res://src/ui/terminology_diagram.gdc[39m[0m
[  41% ] [90m[1msavepack[22m | Storing File: res://src/ui/wire_palette.gdc[39m[0m
[  41% ] [90m[1msavepack[22m | Storing File: res://src/ui/window_mode.gdc[39m[0m
[  42% ] [90m[1msavepack[22m | Storing File: res://assets/branding/brand.cfg[39m[0m
[  42% ] [90m[1msavepack[22m | Storing File: res://src/campaign/creation_tasks.gdc[39m[0m
[  43% ] [90m[1msavepack[22m | Storing File: res://src/campaign/second_act_tasks.gdc[39m[0m
[  43% ] [90m[1msavepack[22m | Storing File: res://src/campaign/task_navigation.gdc[39m[0m
[  44% ] [90m[1msavepack[22m | Storing File: res://src/campaign/task_tree.gdc[39m[0m
[  44% ] [90m[1msavepack[22m | Storing File: res://.godot/exported/133200997/export-af4e5e91bde33f9a49fc6df876ef6c86-task_tree.scn[39m[0m
[  45% ] [90m[1msavepack[22m | Storing File: res://src/campaign/task_tree_canvas.gdc[39m[0m
[  45% ] [90m[1msavepack[22m | Storing File: res://src/campaign/task_tree_layout.gdc[39m[0m
[  45% ] [90m[1msavepack[22m | Storing File: res://src/circuit/circuit_analyzer.gdc[39m[0m
[  46% ] [90m[1msavepack[22m | Storing File: res://src/circuit/circuit_event.gdc[39m[0m
[  46% ] [90m[1msavepack[22m | Storing File: res://src/circuit/circuit_live_state.gdc[39m[0m
[  47% ] [90m[1msavepack[22m | Storing File: res://src/circuit/circuit_simulator.gdc[39m[0m
[  47% ] [90m[1msavepack[22m | Storing File: res://src/circuit/circuit_trace.gdc[39m[0m
[  48% ] [90m[1msavepack[22m | Storing File: res://src/circuit/digital_value.gdc[39m[0m
[  48% ] [90m[1msavepack[22m | Storing File: res://src/circuit/half_adder_test_bench.gdc[39m[0m
[  49% ] [90m[1msavepack[22m | Storing File: res://src/circuit/logic_circuit.gdc[39m[0m
[  49% ] [90m[1msavepack[22m | Storing File: res://src/circuit/logic_component.gdc[39m[0m
[  50% ] [90m[1msavepack[22m | Storing File: res://src/circuit/logic_signal.gdc[39m[0m
[  50% ] [90m[1msavepack[22m | Storing File: res://src/circuit/logic_wire.gdc[39m[0m
[  50% ] [90m[1msavepack[22m | Storing File: res://src/circuit/prologue_event.gdc[39m[0m
[  51% ] [90m[1msavepack[22m | Storing File: res://src/circuit/prologue_simulation_result.gdc[39m[0m
[  51% ] [90m[1msavepack[22m | Storing File: res://src/circuit/prologue_simulator.gdc[39m[0m
[  52% ] [90m[1msavepack[22m | Storing File: res://src/circuit/reusable_component.gdc[39m[0m
[  52% ] [90m[1msavepack[22m | Storing File: res://src/circuit/reusable_half_adder.gdc[39m[0m
[  53% ] [90m[1msavepack[22m | Storing File: res://src/content/locality/locality_content_manifest.gdc[39m[0m
[  53% ] [90m[1msavepack[22m | Storing File: res://src/content/prologue/arithmetic_content_pack.gdc[39m[0m
[  54% ] [90m[1msavepack[22m | Storing File: res://src/content/prologue/exploration_content_pack.gdc[39m[0m
[  54% ] [90m[1msavepack[22m | Storing File: res://src/content/prologue/foundations_content_pack.gdc[39m[0m
[  54% ] [90m[1msavepack[22m | Storing File: res://src/content/prologue/integration_content_pack.gdc[39m[0m
[  55% ] [90m[1msavepack[22m | Storing File: res://src/content/prologue/prologue_content_manifest.gdc[39m[0m
[  55% ] [90m[1msavepack[22m | Storing File: res://src/content/prologue/prologue_level_factory_base.gdc[39m[0m
[  56% ] [90m[1msavepack[22m | Storing File: res://src/content/prologue/storage_content_pack.gdc[39m[0m
[  56% ] [90m[1msavepack[22m | Storing File: res://src/content/campaign_branch_definition.gdc[39m[0m
[  57% ] [90m[1msavepack[22m | Storing File: res://src/content/campaign_content_registry.gdc[39m[0m
[  57% ] [90m[1msavepack[22m | Storing File: res://src/content/campaign_level_definition.gdc[39m[0m
[  58% ] [90m[1msavepack[22m | Storing File: res://src/content/player_content_state.gdc[39m[0m
[  58% ] [90m[1msavepack[22m | Storing File: res://src/game/game_mode.gdc[39m[0m
[  58% ] [90m[1msavepack[22m | Storing File: res://src/hardware_foundations/campaign_map_view.gdc[39m[0m
[  59% ] [90m[1msavepack[22m | Storing File: res://src/hardware_foundations/circuit_component_symbol.gdc[39m[0m
[  59% ] [90m[1msavepack[22m | Storing File: res://src/hardware_foundations/circuit_graph_edit.gdc[39m[0m
[  60% ] [90m[1msavepack[22m | Storing File: res://src/hardware_foundations/circuit_module_row.gdc[39m[0m
[  60% ] [90m[1msavepack[22m | Storing File: res://src/hardware_foundations/circuit_module_thumbnail.gdc[39m[0m
[  61% ] [90m[1msavepack[22m | Storing File: res://src/hardware_foundations/circuit_trace_overlay.gdc[39m[0m
[  61% ] [90m[1msavepack[22m | Storing File: res://src/hardware_foundations/circuit_workbench_store.gdc[39m[0m
[  62% ] [90m[1msavepack[22m | Storing File: res://src/hardware_foundations/component_palette_catalog.gdc[39m[0m
[  62% ] [90m[1msavepack[22m | Storing File: res://src/hardware_foundations/component_palette_item.gdc[39m[0m
[  62% ] [90m[1msavepack[22m | Storing File: res://src/hardware_foundations/construction_investigation.gdc[39m[0m
[  63% ] [90m[1msavepack[22m | Storing File: res://src/hardware_foundations/encapsulation_effect.gdc[39m[0m
[  63% ] [90m[1msavepack[22m | Storing File: res://src/hardware_foundations/hardware_foundations.gdc[39m[0m
[  64% ] [90m[1msavepack[22m | Storing File: res://.godot/exported/133200997/export-c625f60275e54369cb47349624de3c80-hardware_foundations.scn[39m[0m
[  64% ] [90m[1msavepack[22m | Storing File: res://src/hardware_foundations/prologue_level_catalog.gdc[39m[0m
[  65% ] [90m[1msavepack[22m | Storing File: res://src/layout_chapter/layout_catalog.gdc[39m[0m
[  65% ] [90m[1msavepack[22m | Storing File: res://src/layout_chapter/layout_chapter.gdc[39m[0m
[  66% ] [90m[1msavepack[22m | Storing File: res://.godot/exported/133200997/export-3ad3ba1bb3b54ec5e3bdc42cece338b2-layout_chapter.scn[39m[0m
[  66% ] [90m[1msavepack[22m | Storing File: res://src/layout_chapter/layout_field_chip.gdc[39m[0m
[  66% ] [90m[1msavepack[22m | Storing File: res://src/layout_chapter/layout_memory_view.gdc[39m[0m
[  66% ] [90m[1msavepack[22m | Storing File: res://src/layout_chapter/layout_recipe.gdc[39m[0m
[  66% ] [90m[1msavepack[22m | Storing File: res://src/layout_chapter/layout_run.gdc[39m[0m
[  67% ] [90m[1msavepack[22m | Storing File: res://src/layout_chapter/layout_simulator.gdc[39m[0m
[  67% ] [90m[1msavepack[22m | Storing File: res://src/layout_chapter/layout_state.gdc[39m[0m
[  68% ] [90m[1msavepack[22m | Storing File: res://src/locality_chapter/locality_chapter_state.gdc[39m[0m
[  68% ] [90m[1msavepack[22m | Storing File: res://src/locality_chapter/locality_level_catalog.gdc[39m[0m
[  69% ] [90m[1msavepack[22m | Storing File: res://src/locality_chapter/locality_run_receipt.gdc[39m[0m
[  69% ] [90m[1msavepack[22m | Storing File: res://src/localization/localization.gdc[39m[0m
[  69% ] [90m[1msavepack[22m | Storing File: res://src/overlap_chapter/overlap_catalog.gdc[39m[0m
[  70% ] [90m[1msavepack[22m | Storing File: res://src/overlap_chapter/overlap_chapter.gdc[39m[0m
[  70% ] [90m[1msavepack[22m | Storing File: res://.godot/exported/133200997/export-4a85ea832cc71bdf520e06d3f70ae0cc-overlap_chapter.scn[39m[0m
[  71% ] [90m[1msavepack[22m | Storing File: res://src/overlap_chapter/overlap_part_preview.gdc[39m[0m
[  71% ] [90m[1msavepack[22m | Storing File: res://src/overlap_chapter/overlap_simulator.gdc[39m[0m
[  72% ] [90m[1msavepack[22m | Storing File: res://src/overlap_chapter/overlap_state.gdc[39m[0m
[  72% ] [90m[1msavepack[22m | Storing File: res://src/overlap_chapter/overlap_timeline.gdc[39m[0m
[  73% ] [90m[1msavepack[22m | Storing File: res://src/playtest/personal_records.gdc[39m[0m
[  73% ] [90m[1msavepack[22m | Storing File: res://src/playtest/personal_records_view.gdc[39m[0m
[  74% ] [90m[1msavepack[22m | Storing File: res://.godot/exported/133200997/export-7dd5768c84951474e576277ab9172b06-personal_records_view.scn[39m[0m
[  74% ] [90m[1msavepack[22m | Storing File: res://src/playtest/playtest_data.gdc[39m[0m
[  74% ] [90m[1msavepack[22m | Storing File: res://src/playtest/playtest_feedback_overlay.gdc[39m[0m
[  75% ] [90m[1msavepack[22m | Storing File: res://src/playtest/playtest_moments.gdc[39m[0m
[  75% ] [90m[1msavepack[22m | Storing File: res://src/playtest/remote_feedback.gdc[39m[0m
[  76% ] [90m[1msavepack[22m | Storing File: res://src/playtest/sharing_first_choice.gdc[39m[0m
[  76% ] [90m[1msavepack[22m | Storing File: res://src/playtest/visit_summary.gdc[39m[0m
[  77% ] [90m[1msavepack[22m | Storing File: res://src/save/chapter_workspace.gdc[39m[0m
[  77% ] [90m[1msavepack[22m | Storing File: res://src/save/global_save.gdc[39m[0m
[  78% ] [90m[1msavepack[22m | Storing File: res://src/save/stable_signature_migration.gdc[39m[0m
[  78% ] [90m[1msavepack[22m | Storing File: res://src/simulation/dsl_instruction.gdc[39m[0m
[  78% ] [90m[1msavepack[22m | Storing File: res://src/simulation/dsl_parser.gdc[39m[0m
[  79% ] [90m[1msavepack[22m | Storing File: res://src/simulation/dsl_program.gdc[39m[0m
[  79% ] [90m[1msavepack[22m | Storing File: res://src/simulation/program_templates.gdc[39m[0m
[  80% ] [90m[1msavepack[22m | Storing File: res://src/simulation/simulation_core.gdc[39m[0m
[  80% ] [90m[1msavepack[22m | Storing File: res://src/simulation/simulation_event.gdc[39m[0m
[  81% ] [90m[1msavepack[22m | Storing File: res://src/simulation/simulation_trace.gdc[39m[0m
[  81% ] [90m[1msavepack[22m | Storing File: res://src/system_lab/system_baseline_continuity.gdc[39m[0m
[  82% ] [90m[1msavepack[22m | Storing File: res://src/system_lab/system_chapter_map_view.gdc[39m[0m
[  82% ] [90m[1msavepack[22m | Storing File: res://src/system_lab/system_chapter_state.gdc[39m[0m
[  82% ] [90m[1msavepack[22m | Storing File: res://src/system_lab/system_comparison_chart.gdc[39m[0m
[  83% ] [90m[1msavepack[22m | Storing File: res://src/system_lab/system_device_surface.gdc[39m[0m
[  83% ] [90m[1msavepack[22m | Storing File: res://src/system_lab/system_dsl_parser.gdc[39m[0m
[  84% ] [90m[1msavepack[22m | Storing File: res://src/system_lab/system_event.gdc[39m[0m
[  84% ] [90m[1msavepack[22m | Storing File: res://src/system_lab/system_graph_edit.gdc[39m[0m
[  85% ] [90m[1msavepack[22m | Storing File: res://src/system_lab/system_instruction.gdc[39m[0m
[  85% ] [90m[1msavepack[22m | Storing File: res://src/system_lab/system_lab.gdc[39m[0m
[  86% ] [90m[1msavepack[22m | Storing File: res://.godot/exported/133200997/export-217d84c5c58e050e46b1aa81973d7253-system_lab.scn[39m[0m
[  86% ] [90m[1msavepack[22m | Storing File: res://src/system_lab/system_level_catalog.gdc[39m[0m
[  86% ] [90m[1msavepack[22m | Storing File: res://src/system_lab/system_part_spec.gdc[39m[0m
[  87% ] [90m[1msavepack[22m | Storing File: res://src/system_lab/system_program.gdc[39m[0m
[  87% ] [90m[1msavepack[22m | Storing File: res://src/system_lab/system_run_receipt.gdc[39m[0m
[  88% ] [90m[1msavepack[22m | Storing File: res://src/system_lab/system_simulation_core.gdc[39m[0m
[  88% ] [90m[1msavepack[22m | Storing File: res://src/system_lab/system_topology.gdc[39m[0m
[  89% ] [90m[1msavepack[22m | Storing File: res://src/system_lab/system_trace.gdc[39m[0m
[  89% ] [90m[1msavepack[22m | Storing File: res://src/system_lab/system_trace_overlay.gdc[39m[0m
[  90% ] [90m[1msavepack[22m | Storing File: res://src/ui/brand_identity.gdc[39m[0m
[  90% ] [90m[1msavepack[22m | Storing File: res://src/ui/chapter_emblem.gdc[39m[0m
[  90% ] [90m[1msavepack[22m | Storing File: res://src/ui/floating_instrument_panel.gdc[39m[0m
[  91% ] [90m[1msavepack[22m | Storing File: res://src/ui/fullscreen_button.gdc[39m[0m
[  91% ] [90m[1msavepack[22m | Storing File: res://src/ui/game_mode_selector.gdc[39m[0m
[  92% ] [90m[1msavepack[22m | Storing File: res://src/ui/hub_machine_art.gdc[39m[0m
[  92% ] [90m[1msavepack[22m | Storing File: res://src/ui/instrument_theme.gdc[39m[0m
[  93% ] [90m[1msavepack[22m | Storing File: res://src/ui/level_completion_overlay.gdc[39m[0m
[  93% ] [90m[1msavepack[22m | Storing File: res://src/ui/linked_mission_text.gdc[39m[0m
[  94% ] [90m[1msavepack[22m | Storing File: res://src/ui/main.gdc[39m[0m
[  94% ] [90m[1msavepack[22m | Storing File: res://.godot/exported/133200997/export-c31f86af9732678e3b69c24506ea434d-main.scn[39m[0m
[  94% ] [90m[1msavepack[22m | Storing File: res://src/ui/mission_narrative_catalog.gdc[39m[0m
[  95% ] [90m[1msavepack[22m | Storing File: res://src/ui/movable_dialog_panel.gdc[39m[0m
[  95% ] [90m[1msavepack[22m | Storing File: res://src/ui/prototype_hub.gdc[39m[0m
[  96% ] [90m[1msavepack[22m | Storing File: res://.godot/exported/133200997/export-2813abb75280052e229f6529b12a0d13-prototype_hub.scn[39m[0m
[  96% ] [90m[1msavepack[22m | Storing File: res://src/ui/signal_level_button.gdc[39m[0m
[  97% ] [90m[1msavepack[22m | Storing File: res://src/ui/signal_notation.gdc[39m[0m
[  97% ] [90m[1msavepack[22m | Storing File: res://src/ui/support_diagnostics.gdc[39m[0m
[  98% ] [90m[1msavepack[22m | Storing File: res://src/ui/task_tree_preview.gdc[39m[0m
[  98% ] [90m[1msavepack[22m | Storing File: res://src/ui/technical_backdrop.gdc[39m[0m
[  98% ] [90m[1msavepack[22m | Storing File: res://assets/fonts/interface_heading.tres.remap[39m[0m
[  98% ] [90m[1msavepack[22m | Storing File: res://assets/fonts/interface_regular.tres.remap[39m[0m
[  98% ] [90m[1msavepack[22m | Storing File: res://experiments/candidate_proxy/driver.gd.remap[39m[0m
[  98% ] [90m[1msavepack[22m | Storing File: res://experiments/candidate_proxy/prediction_policy.gd.remap[39m[0m
[  98% ] [90m[1msavepack[22m | Storing File: res://experiments/candidate_proxy/representation_policy.gd.remap[39m[0m
[  98% ] [90m[1msavepack[22m | Storing File: res://experiments/candidate_proxy/service_policy.gd.remap[39m[0m
[  98% ] [90m[1msavepack[22m | Storing File: res://experiments/candidate_session/completion_presentation.gd.remap[39m[0m
[  98% ] [90m[1msavepack[22m | Storing File: res://experiments/candidate_session/context.gd.remap[39m[0m
[  98% ] [90m[1msavepack[22m | Storing File: res://experiments/candidate_session/designs.gd.remap[39m[0m
[  98% ] [90m[1msavepack[22m | Storing File: res://experiments/candidate_session/design_shelf.gd.remap[39m[0m
[  98% ] [90m[1msavepack[22m | Storing File: res://experiments/candidate_session/files.gd.remap[39m[0m
[  98% ] [90m[1msavepack[22m | Storing File: res://experiments/candidate_session/journey_review.gd.remap[39m[0m
[  98% ] [90m[1msavepack[22m | Storing File: res://experiments/candidate_session/navigation_intent.gd.remap[39m[0m
[  98% ] [90m[1msavepack[22m | Storing File: res://experiments/candidate_session/writer_lease.gd.remap[39m[0m
[  98% ] [90m[1msavepack[22m | Storing File: res://experiments/candidate_session/writer_retry.gd.remap[39m[0m
[  98% ] [90m[1msavepack[22m | Storing File: res://experiments/creation/calibrate.gd.remap[39m[0m
[  98% ] [90m[1msavepack[22m | Storing File: res://experiments/creation/catalog.gd.remap[39m[0m
[  98% ] [90m[1msavepack[22m | Storing File: res://experiments/creation/causal_panel.gd.remap[39m[0m
[  98% ] [90m[1msavepack[22m | Storing File: res://experiments/creation/codec.gd.remap[39m[0m
[  98% ] [90m[1msavepack[22m | Storing File: res://experiments/creation/comparison.gd.remap[39m[0m
[  98% ] [90m[1msavepack[22m | Storing File: res://experiments/creation/condition_examples.gd.remap[39m[0m
[  98% ] [90m[1msavepack[22m | Storing File: res://experiments/creation/cost_ledger.gd.remap[39m[0m
[  98% ] [90m[1msavepack[22m | Storing File: res://experiments/creation/cost_ledger_view.gd.remap[39m[0m
[  98% ] [90m[1msavepack[22m | Storing File: res://experiments/creation/explanation.gd.remap[39m[0m
[  98% ] [90m[1msavepack[22m | Storing File: res://experiments/creation/model.gd.remap[39m[0m
[  98% ] [90m[1msavepack[22m | Storing File: res://experiments/creation/session.gd.remap[39m[0m
[  98% ] [90m[1msavepack[22m | Storing File: res://experiments/creation/signal_view.gd.remap[39m[0m
[  98% ] [90m[1msavepack[22m | Storing File: res://experiments/creation/workbench.gd.remap[39m[0m
[  98% ] [90m[1msavepack[22m | Storing File: res://experiments/creation/workbench.tscn.remap[39m[0m
[  98% ] [90m[1msavepack[22m | Storing File: res://experiments/creation/work_canvas.gd.remap[39m[0m
[  98% ] [90m[1msavepack[22m | Storing File: res://experiments/creation/work_focus.gd.remap[39m[0m
[  98% ] [90m[1msavepack[22m | Storing File: res://experiments/evidence_proxy/driver.gd.remap[39m[0m
[  98% ] [90m[1msavepack[22m | Storing File: res://experiments/evidence_proxy/policy.gd.remap[39m[0m
[  98% ] [90m[1msavepack[22m | Storing File: res://experiments/intelligent_workload/lab.tscn.remap[39m[0m
[  98% ] [90m[1msavepack[22m | Storing File: res://experiments/intelligent_workload/model.gd.remap[39m[0m
[  98% ] [90m[1msavepack[22m | Storing File: res://experiments/intelligent_workload/state_lab.gd.remap[39m[0m
[  98% ] [90m[1msavepack[22m | Storing File: res://experiments/intelligent_workload/state_lab.tscn.remap[39m[0m
[  98% ] [90m[1msavepack[22m | Storing File: res://experiments/intelligent_workload/state_model.gd.remap[39m[0m
[  98% ] [90m[1msavepack[22m | Storing File: res://experiments/prediction/catalog.gd.remap[39m[0m
[  98% ] [90m[1msavepack[22m | Storing File: res://experiments/prediction/lab.gd.remap[39m[0m
[  98% ] [90m[1msavepack[22m | Storing File: res://experiments/prediction/lab.tscn.remap[39m[0m
[  98% ] [90m[1msavepack[22m | Storing File: res://experiments/prediction/model.gd.remap[39m[0m
[  98% ] [90m[1msavepack[22m | Storing File: res://experiments/prediction/predictor.gd.remap[39m[0m
[  98% ] [90m[1msavepack[22m | Storing File: res://experiments/representation/decoded_cache.gd.remap[39m[0m
[  98% ] [90m[1msavepack[22m | Storing File: res://experiments/representation/lab.gd.remap[39m[0m
[  98% ] [90m[1msavepack[22m | Storing File: res://experiments/representation/lab.tscn.remap[39m[0m
[  98% ] [90m[1msavepack[22m | Storing File: res://experiments/representation/model.gd.remap[39m[0m
[  98% ] [90m[1msavepack[22m | Storing File: res://experiments/representation/plan_model.gd.remap[39m[0m
[  98% ] [90m[1msavepack[22m | Storing File: res://experiments/representation/puzzle.gd.remap[39m[0m
[  98% ] [90m[1msavepack[22m | Storing File: res://experiments/representation/puzzle.tscn.remap[39m[0m
[  98% ] [90m[1msavepack[22m | Storing File: res://experiments/representation_region/byte_board.gd.remap[39m[0m
[  98% ] [90m[1msavepack[22m | Storing File: res://experiments/representation_region/catalog.gd.remap[39m[0m
[  98% ] [90m[1msavepack[22m | Storing File: res://experiments/representation_region/model.gd.remap[39m[0m
[  98% ] [90m[1msavepack[22m | Storing File: res://experiments/representation_region/order_cost_strip.gd.remap[39m[0m
[  98% ] [90m[1msavepack[22m | Storing File: res://experiments/representation_region/region.gd.remap[39m[0m
[  98% ] [90m[1msavepack[22m | Storing File: res://experiments/representation_region/region.tscn.remap[39m[0m
[  98% ] [90m[1msavepack[22m | Storing File: res://experiments/representation_region/session_store.gd.remap[39m[0m
[  98% ] [90m[1msavepack[22m | Storing File: res://experiments/representation_region/trace_player.gd.remap[39m[0m
[  98% ] [90m[1msavepack[22m | Storing File: res://experiments/service_plan/briefing.gd.remap[39m[0m
[  98% ] [90m[1msavepack[22m | Storing File: res://experiments/service_plan/commissions.gd.remap[39m[0m
[  98% ] [90m[1msavepack[22m | Storing File: res://experiments/service_plan/comparison_chart.gd.remap[39m[0m
[  98% ] [90m[1msavepack[22m | Storing File: res://experiments/service_plan/event_presenter.gd.remap[39m[0m
[  98% ] [90m[1msavepack[22m | Storing File: res://experiments/service_plan/group_list.gd.remap[39m[0m
[  98% ] [90m[1msavepack[22m | Storing File: res://experiments/service_plan/lab.gd.remap[39m[0m
[  98% ] [90m[1msavepack[22m | Storing File: res://experiments/service_plan/lab.tscn.remap[39m[0m
[  98% ] [90m[1msavepack[22m | Storing File: res://experiments/service_plan/model.gd.remap[39m[0m
[  98% ] [90m[1msavepack[22m | Storing File: res://experiments/service_plan/quality_evidence.gd.remap[39m[0m
[  98% ] [90m[1msavepack[22m | Storing File: res://experiments/service_plan/response_chart.gd.remap[39m[0m
[  98% ] [90m[1msavepack[22m | Storing File: res://experiments/service_plan/response_journey_view.gd.remap[39m[0m
[  98% ] [90m[1msavepack[22m | Storing File: res://experiments/service_plan/session_store.gd.remap[39m[0m
[  98% ] [90m[1msavepack[22m | Storing File: res://experiments/service_plan/state_replay.gd.remap[39m[0m
[  98% ] [90m[1msavepack[22m | Storing File: res://experiments/service_plan/state_replay_view.gd.remap[39m[0m
[  98% ] [90m[1msavepack[22m | Storing File: res://experiments/candidate_input.gd.remap[39m[0m
[  98% ] [90m[1msavepack[22m | Storing File: res://experiments/play_candidates.gd.remap[39m[0m
[  98% ] [90m[1msavepack[22m | Storing File: res://experiments/play_commissions.gd.remap[39m[0m
[  98% ] [90m[1msavepack[22m | Storing File: res://experiments/play_depth.gd.remap[39m[0m
[  98% ] [90m[1msavepack[22m | Storing File: res://experiments/play_journeys.gd.remap[39m[0m
[  98% ] [90m[1msavepack[22m | Storing File: res://experiments/play_labs.gd.remap[39m[0m
[  98% ] [90m[1msavepack[22m | Storing File: res://experiments/play_second_act.gd.remap[39m[0m
[  98% ] [90m[1msavepack[22m | Storing File: res://experiments/play_state_journey.gd.remap[39m[0m
[  98% ] [90m[1msavepack[22m | Storing File: res://experiments/viewport_input.gd.remap[39m[0m
[  98% ] [90m[1msavepack[22m | Storing File: res://src/ui/trace_ambience_player.gd.remap[39m[0m
[  98% ] [90m[1msavepack[22m | Storing File: res://src/ui/trace_overlay.gd.remap[39m[0m
[  98% ] [90m[1msavepack[22m | Storing File: res://src/ui/ui_motion.gd.remap[39m[0m
[  98% ] [90m[1msavepack[22m | Storing File: res://src/ui/trace_ambience_profile.gd.remap[39m[0m
[  98% ] [90m[1msavepack[22m | Storing File: res://src/ui/theme_reflection.gd.remap[39m[0m
[  98% ] [90m[1msavepack[22m | Storing File: res://src/ui/terminology_handbook.gd.remap[39m[0m
[  98% ] [90m[1msavepack[22m | Storing File: res://src/ui/ui_typography.gd.remap[39m[0m
[  98% ] [90m[1msavepack[22m | Storing File: res://src/ui/terminology_diagram.gd.remap[39m[0m
[  98% ] [90m[1msavepack[22m | Storing File: res://src/ui/wire_palette.gd.remap[39m[0m
[  98% ] [90m[1msavepack[22m | Storing File: res://src/ui/window_mode.gd.remap[39m[0m
[  98% ] [90m[1msavepack[22m | Storing File: res://src/campaign/creation_tasks.gd.remap[39m[0m
[  98% ] [90m[1msavepack[22m | Storing File: res://src/campaign/second_act_tasks.gd.remap[39m[0m
[  98% ] [90m[1msavepack[22m | Storing File: res://src/campaign/task_navigation.gd.remap[39m[0m
[  98% ] [90m[1msavepack[22m | Storing File: res://src/campaign/task_tree.gd.remap[39m[0m
[  98% ] [90m[1msavepack[22m | Storing File: res://src/campaign/task_tree.tscn.remap[39m[0m
[  98% ] [90m[1msavepack[22m | Storing File: res://src/campaign/task_tree_canvas.gd.remap[39m[0m
[  98% ] [90m[1msavepack[22m | Storing File: res://src/campaign/task_tree_layout.gd.remap[39m[0m
[  98% ] [90m[1msavepack[22m | Storing File: res://src/circuit/circuit_analyzer.gd.remap[39m[0m
[  98% ] [90m[1msavepack[22m | Storing File: res://src/circuit/circuit_event.gd.remap[39m[0m
[  98% ] [90m[1msavepack[22m | Storing File: res://src/circuit/circuit_live_state.gd.remap[39m[0m
[  98% ] [90m[1msavepack[22m | Storing File: res://src/circuit/circuit_simulator.gd.remap[39m[0m
[  98% ] [90m[1msavepack[22m | Storing File: res://src/circuit/circuit_trace.gd.remap[39m[0m
[  98% ] [90m[1msavepack[22m | Storing File: res://src/circuit/digital_value.gd.remap[39m[0m
[  98% ] [90m[1msavepack[22m | Storing File: res://src/circuit/half_adder_test_bench.gd.remap[39m[0m
[  98% ] [90m[1msavepack[22m | Storing File: res://src/circuit/logic_circuit.gd.remap[39m[0m
[  98% ] [90m[1msavepack[22m | Storing File: res://src/circuit/logic_component.gd.remap[39m[0m
[  98% ] [90m[1msavepack[22m | Storing File: res://src/circuit/logic_signal.gd.remap[39m[0m
[  98% ] [90m[1msavepack[22m | Storing File: res://src/circuit/logic_wire.gd.remap[39m[0m
[  98% ] [90m[1msavepack[22m | Storing File: res://src/circuit/prologue_event.gd.remap[39m[0m
[  98% ] [90m[1msavepack[22m | Storing File: res://src/circuit/prologue_simulation_result.gd.remap[39m[0m
[  98% ] [90m[1msavepack[22m | Storing File: res://src/circuit/prologue_simulator.gd.remap[39m[0m
[  98% ] [90m[1msavepack[22m | Storing File: res://src/circuit/reusable_component.gd.remap[39m[0m
[  98% ] [90m[1msavepack[22m | Storing File: res://src/circuit/reusable_half_adder.gd.remap[39m[0m
[  98% ] [90m[1msavepack[22m | Storing File: res://src/content/locality/locality_content_manifest.gd.remap[39m[0m
[  98% ] [90m[1msavepack[22m | Storing File: res://src/content/prologue/arithmetic_content_pack.gd.remap[39m[0m
[  98% ] [90m[1msavepack[22m | Storing File: res://src/content/prologue/exploration_content_pack.gd.remap[39m[0m
[  98% ] [90m[1msavepack[22m | Storing File: res://src/content/prologue/foundations_content_pack.gd.remap[39m[0m
[  98% ] [90m[1msavepack[22m | Storing File: res://src/content/prologue/integration_content_pack.gd.remap[39m[0m
[  98% ] [90m[1msavepack[22m | Storing File: res://src/content/prologue/prologue_content_manifest.gd.remap[39m[0m
[  98% ] [90m[1msavepack[22m | Storing File: res://src/content/prologue/prologue_level_factory_base.gd.remap[39m[0m
[  98% ] [90m[1msavepack[22m | Storing File: res://src/content/prologue/storage_content_pack.gd.remap[39m[0m
[  98% ] [90m[1msavepack[22m | Storing File: res://src/content/campaign_branch_definition.gd.remap[39m[0m
[  98% ] [90m[1msavepack[22m | Storing File: res://src/content/campaign_content_registry.gd.remap[39m[0m
[  98% ] [90m[1msavepack[22m | Storing File: res://src/content/campaign_level_definition.gd.remap[39m[0m
[  98% ] [90m[1msavepack[22m | Storing File: res://src/content/player_content_state.gd.remap[39m[0m
[  98% ] [90m[1msavepack[22m | Storing File: res://src/game/game_mode.gd.remap[39m[0m
[  98% ] [90m[1msavepack[22m | Storing File: res://src/hardware_foundations/campaign_map_view.gd.remap[39m[0m
[  98% ] [90m[1msavepack[22m | Storing File: res://src/hardware_foundations/circuit_component_symbol.gd.remap[39m[0m
[  98% ] [90m[1msavepack[22m | Storing File: res://src/hardware_foundations/circuit_graph_edit.gd.remap[39m[0m
[  98% ] [90m[1msavepack[22m | Storing File: res://src/hardware_foundations/circuit_module_row.gd.remap[39m[0m
[  98% ] [90m[1msavepack[22m | Storing File: res://src/hardware_foundations/circuit_module_thumbnail.gd.remap[39m[0m
[  98% ] [90m[1msavepack[22m | Storing File: res://src/hardware_foundations/circuit_trace_overlay.gd.remap[39m[0m
[  98% ] [90m[1msavepack[22m | Storing File: res://src/hardware_foundations/circuit_workbench_store.gd.remap[39m[0m
[  98% ] [90m[1msavepack[22m | Storing File: res://src/hardware_foundations/component_palette_catalog.gd.remap[39m[0m
[  98% ] [90m[1msavepack[22m | Storing File: res://src/hardware_foundations/component_palette_item.gd.remap[39m[0m
[  98% ] [90m[1msavepack[22m | Storing File: res://src/hardware_foundations/construction_investigation.gd.remap[39m[0m
[  98% ] [90m[1msavepack[22m | Storing File: res://src/hardware_foundations/encapsulation_effect.gd.remap[39m[0m
[  98% ] [90m[1msavepack[22m | Storing File: res://src/hardware_foundations/hardware_foundations.gd.remap[39m[0m
[  98% ] [90m[1msavepack[22m | Storing File: res://src/hardware_foundations/hardware_foundations.tscn.remap[39m[0m
[  98% ] [90m[1msavepack[22m | Storing File: res://src/hardware_foundations/prologue_level_catalog.gd.remap[39m[0m
[  98% ] [90m[1msavepack[22m | Storing File: res://src/layout_chapter/layout_catalog.gd.remap[39m[0m
[  98% ] [90m[1msavepack[22m | Storing File: res://src/layout_chapter/layout_chapter.gd.remap[39m[0m
[  98% ] [90m[1msavepack[22m | Storing File: res://src/layout_chapter/layout_chapter.tscn.remap[39m[0m
[  98% ] [90m[1msavepack[22m | Storing File: res://src/layout_chapter/layout_field_chip.gd.remap[39m[0m
[  98% ] [90m[1msavepack[22m | Storing File: res://src/layout_chapter/layout_memory_view.gd.remap[39m[0m
[  98% ] [90m[1msavepack[22m | Storing File: res://src/layout_chapter/layout_recipe.gd.remap[39m[0m
[  98% ] [90m[1msavepack[22m | Storing File: res://src/layout_chapter/layout_run.gd.remap[39m[0m
[  98% ] [90m[1msavepack[22m | Storing File: res://src/layout_chapter/layout_simulator.gd.remap[39m[0m
[  98% ] [90m[1msavepack[22m | Storing File: res://src/layout_chapter/layout_state.gd.remap[39m[0m
[  98% ] [90m[1msavepack[22m | Storing File: res://src/locality_chapter/locality_chapter_state.gd.remap[39m[0m
[  98% ] [90m[1msavepack[22m | Storing File: res://src/locality_chapter/locality_level_catalog.gd.remap[39m[0m
[  98% ] [90m[1msavepack[22m | Storing File: res://src/locality_chapter/locality_run_receipt.gd.remap[39m[0m
[  98% ] [90m[1msavepack[22m | Storing File: res://src/localization/localization.gd.remap[39m[0m
[  98% ] [90m[1msavepack[22m | Storing File: res://src/overlap_chapter/overlap_catalog.gd.remap[39m[0m
[  98% ] [90m[1msavepack[22m | Storing File: res://src/overlap_chapter/overlap_chapter.gd.remap[39m[0m
[  98% ] [90m[1msavepack[22m | Storing File: res://src/overlap_chapter/overlap_chapter.tscn.remap[39m[0m
[  98% ] [90m[1msavepack[22m | Storing File: res://src/overlap_chapter/overlap_part_preview.gd.remap[39m[0m
[  98% ] [90m[1msavepack[22m | Storing File: res://src/overlap_chapter/overlap_simulator.gd.remap[39m[0m
[  98% ] [90m[1msavepack[22m | Storing File: res://src/overlap_chapter/overlap_state.gd.remap[39m[0m
[  98% ] [90m[1msavepack[22m | Storing File: res://src/overlap_chapter/overlap_timeline.gd.remap[39m[0m
[  98% ] [90m[1msavepack[22m | Storing File: res://src/playtest/personal_records.gd.remap[39m[0m
[  98% ] [90m[1msavepack[22m | Storing File: res://src/playtest/personal_records_view.gd.remap[39m[0m
[  98% ] [90m[1msavepack[22m | Storing File: res://src/playtest/personal_records_view.tscn.remap[39m[0m
[  98% ] [90m[1msavepack[22m | Storing File: res://src/playtest/playtest_data.gd.remap[39m[0m
[  98% ] [90m[1msavepack[22m | Storing File: res://src/playtest/playtest_feedback_overlay.gd.remap[39m[0m
[  98% ] [90m[1msavepack[22m | Storing File: res://src/playtest/playtest_moments.gd.remap[39m[0m
[  98% ] [90m[1msavepack[22m | Storing File: res://src/playtest/remote_feedback.gd.remap[39m[0m
[  98% ] [90m[1msavepack[22m | Storing File: res://src/playtest/sharing_first_choice.gd.remap[39m[0m
[  98% ] [90m[1msavepack[22m | Storing File: res://src/playtest/visit_summary.gd.remap[39m[0m
[  98% ] [90m[1msavepack[22m | Storing File: res://src/save/chapter_workspace.gd.remap[39m[0m
[  98% ] [90m[1msavepack[22m | Storing File: res://src/save/global_save.gd.remap[39m[0m
[  98% ] [90m[1msavepack[22m | Storing File: res://src/save/stable_signature_migration.gd.remap[39m[0m
[  98% ] [90m[1msavepack[22m | Storing File: res://src/simulation/dsl_instruction.gd.remap[39m[0m
[  98% ] [90m[1msavepack[22m | Storing File: res://src/simulation/dsl_parser.gd.remap[39m[0m
[  98% ] [90m[1msavepack[22m | Storing File: res://src/simulation/dsl_program.gd.remap[39m[0m
[  98% ] [90m[1msavepack[22m | Storing File: res://src/simulation/program_templates.gd.remap[39m[0m
[  98% ] [90m[1msavepack[22m | Storing File: res://src/simulation/simulation_core.gd.remap[39m[0m
[  98% ] [90m[1msavepack[22m | Storing File: res://src/simulation/simulation_event.gd.remap[39m[0m
[  98% ] [90m[1msavepack[22m | Storing File: res://src/simulation/simulation_trace.gd.remap[39m[0m
[  98% ] [90m[1msavepack[22m | Storing File: res://src/system_lab/system_baseline_continuity.gd.remap[39m[0m
[  98% ] [90m[1msavepack[22m | Storing File: res://src/system_lab/system_chapter_map_view.gd.remap[39m[0m
[  98% ] [90m[1msavepack[22m | Storing File: res://src/system_lab/system_chapter_state.gd.remap[39m[0m
[  98% ] [90m[1msavepack[22m | Storing File: res://src/system_lab/system_comparison_chart.gd.remap[39m[0m
[  98% ] [90m[1msavepack[22m | Storing File: res://src/system_lab/system_device_surface.gd.remap[39m[0m
[  98% ] [90m[1msavepack[22m | Storing File: res://src/system_lab/system_dsl_parser.gd.remap[39m[0m
[  98% ] [90m[1msavepack[22m | Storing File: res://src/system_lab/system_event.gd.remap[39m[0m
[  98% ] [90m[1msavepack[22m | Storing File: res://src/system_lab/system_graph_edit.gd.remap[39m[0m
[  98% ] [90m[1msavepack[22m | Storing File: res://src/system_lab/system_instruction.gd.remap[39m[0m
[  98% ] [90m[1msavepack[22m | Storing File: res://src/system_lab/system_lab.gd.remap[39m[0m
[  98% ] [90m[1msavepack[22m | Storing File: res://src/system_lab/system_lab.tscn.remap[39m[0m
[  98% ] [90m[1msavepack[22m | Storing File: res://src/system_lab/system_level_catalog.gd.remap[39m[0m
[  98% ] [90m[1msavepack[22m | Storing File: res://src/system_lab/system_part_spec.gd.remap[39m[0m
[  98% ] [90m[1msavepack[22m | Storing File: res://src/system_lab/system_program.gd.remap[39m[0m
[  98% ] [90m[1msavepack[22m | Storing File: res://src/system_lab/system_run_receipt.gd.remap[39m[0m
[  98% ] [90m[1msavepack[22m | Storing File: res://src/system_lab/system_simulation_core.gd.remap[39m[0m
[  98% ] [90m[1msavepack[22m | Storing File: res://src/system_lab/system_topology.gd.remap[39m[0m
[  98% ] [90m[1msavepack[22m | Storing File: res://src/system_lab/system_trace.gd.remap[39m[0m
[  98% ] [90m[1msavepack[22m | Storing File: res://src/system_lab/system_trace_overlay.gd.remap[39m[0m
[  98% ] [90m[1msavepack[22m | Storing File: res://src/ui/brand_identity.gd.remap[39m[0m
[  98% ] [90m[1msavepack[22m | Storing File: res://src/ui/chapter_emblem.gd.remap[39m[0m
[  98% ] [90m[1msavepack[22m | Storing File: res://src/ui/floating_instrument_panel.gd.remap[39m[0m
[  98% ] [90m[1msavepack[22m | Storing File: res://src/ui/fullscreen_button.gd.remap[39m[0m
[  98% ] [90m[1msavepack[22m | Storing File: res://src/ui/game_mode_selector.gd.remap[39m[0m
[  98% ] [90m[1msavepack[22m | Storing File: res://src/ui/hub_machine_art.gd.remap[39m[0m
[  98% ] [90m[1msavepack[22m | Storing File: res://src/ui/instrument_theme.gd.remap[39m[0m
[  98% ] [90m[1msavepack[22m | Storing File: res://src/ui/level_completion_overlay.gd.remap[39m[0m
[  98% ] [90m[1msavepack[22m | Storing File: res://src/ui/linked_mission_text.gd.remap[39m[0m
[  98% ] [90m[1msavepack[22m | Storing File: res://src/ui/main.gd.remap[39m[0m
[  98% ] [90m[1msavepack[22m | Storing File: res://src/ui/main.tscn.remap[39m[0m
[  98% ] [90m[1msavepack[22m | Storing File: res://src/ui/mission_narrative_catalog.gd.remap[39m[0m
[  98% ] [90m[1msavepack[22m | Storing File: res://src/ui/movable_dialog_panel.gd.remap[39m[0m
[  98% ] [90m[1msavepack[22m | Storing File: res://src/ui/prototype_hub.gd.remap[39m[0m
[  98% ] [90m[1msavepack[22m | Storing File: res://src/ui/prototype_hub.tscn.remap[39m[0m
[  98% ] [90m[1msavepack[22m | Storing File: res://src/ui/signal_level_button.gd.remap[39m[0m
[  98% ] [90m[1msavepack[22m | Storing File: res://src/ui/signal_notation.gd.remap[39m[0m
[  98% ] [90m[1msavepack[22m | Storing File: res://src/ui/support_diagnostics.gd.remap[39m[0m
[  98% ] [90m[1msavepack[22m | Storing File: res://src/ui/task_tree_preview.gd.remap[39m[0m
[  98% ] [90m[1msavepack[22m | Storing File: res://src/ui/technical_backdrop.gd.remap[39m[0m
[  98% ] [90m[1msavepack[22m | Storing File: res://.godot/global_script_class_cache.cfg[39m[0m
[  98% ] [90m[1msavepack[22m | Storing File: res://assets/branding/game-icon.svg[39m[0m
[  98% ] [90m[1msavepack[22m | Storing File: res://.godot/uid_cache.bin[39m[0m
Export: Using editor embedded text server data, text display in the exported project might be broken if export template was built with different ICU version!
[  98% ] [90m[1msavepack[22m | Storing File: res://icudt_godot.dat[39m[0m
[  98% ] [90m[1msavepack[22m | Storing File: res://project.binary[39m[0m
[92m[ DONE ][39m [1msavepack[22m
[0m
[  50% ] [90m[1mexport[22m | Code signing bundle[39m[0m
[92m[ DONE ][39m [1mexport[22m
[0m
