2026-10-10T05:10:40.5008849Z Current runner version: '2.337.0'
2026-10-10T05:10:40.5035762Z ##[group]Runner Image Provisioner
2026-10-10T05:10:40.5036638Z Hosted Compute Agent
2026-10-10T05:10:40.5037261Z Version: 20261002.596
2026-10-10T05:10:40.5037918Z Commit: c3d12f3313a95f25162a1503be624f3b0617f8c0
2026-10-10T05:10:40.5038622Z Build Date: 2026-10-02T22:28:27Z
2026-10-10T05:10:40.5039401Z Worker ID: {81421327-2883-4c78-8ac5-fa5ac1faa62d}
2026-10-10T05:10:40.5040083Z Region: centralus
2026-10-10T05:10:40.5040604Z Cloud: Azure
2026-10-10T05:10:40.5041234Z ##[endgroup]
2026-10-10T05:10:40.5043040Z ##[group]Operating System
2026-10-10T05:10:40.5043690Z Ubuntu
2026-10-10T05:10:40.5044207Z 24.04.5
2026-10-10T05:10:40.5044891Z LTS
2026-10-10T05:10:40.5045459Z ##[endgroup]
2026-10-10T05:10:40.5046006Z ##[group]Runner Image
2026-10-10T05:10:40.5046602Z Image: ubuntu-24.04
2026-10-10T05:10:40.5047160Z Version: 20261004.327.1
2026-10-10T05:10:40.5048537Z Included Software: https://github.com/actions/runner-images/blob/ubuntu24/20261004.327/images/ubuntu/Ubuntu2404-Readme.md
2026-10-10T05:10:40.5050038Z Image Release: https://github.com/actions/runner-images/releases/tag/ubuntu24%2F20261004.327
2026-10-10T05:10:40.5050969Z ##[endgroup]
2026-10-10T05:10:40.5052052Z ##[group]GITHUB_TOKEN Permissions
2026-10-10T05:10:40.5054763Z Contents: read
2026-10-10T05:10:40.5055378Z Metadata: read
2026-10-10T05:10:40.5055938Z ##[endgroup]
2026-10-10T05:10:40.5058091Z Secret source: Actions
2026-10-10T05:10:40.5058928Z Cache mode: write
2026-10-10T05:10:40.5060016Z Prepare workflow directory
2026-10-10T05:10:40.5373989Z Prepare all required actions
2026-10-10T05:10:40.5423081Z Getting action download info
2026-10-10T05:10:40.7970212Z Download action repository 'actions/checkout@v4' (SHA:11d5960a326750d5838078e36cf38b85af677262)
2026-10-10T05:10:40.9039556Z Download action repository 'actions/setup-python@v5' (SHA:a26af69be951a213d495a4c3e4e4022e16d87065)
2026-10-10T05:10:41.1237475Z Complete job name: python
2026-10-10T05:10:41.1926760Z ##[group]Run actions/checkout@v4
2026-10-10T05:10:41.1927644Z with:
2026-10-10T05:10:41.1928240Z   repository: wizardpc-com/von-neumann-bottleneck
2026-10-10T05:10:41.1931935Z   token: ***
2026-10-10T05:10:41.1932436Z   ssh-strict: true
2026-10-10T05:10:41.1932970Z   ssh-user: git
2026-10-10T05:10:41.1933479Z   persist-credentials: true
2026-10-10T05:10:41.1934081Z   clean: true
2026-10-10T05:10:41.1934808Z   sparse-checkout-cone-mode: true
2026-10-10T05:10:41.1935397Z   fetch-depth: 1
2026-10-10T05:10:41.1935915Z   fetch-tags: false
2026-10-10T05:10:41.1936432Z   show-progress: true
2026-10-10T05:10:41.1936928Z   lfs: false
2026-10-10T05:10:41.1937463Z   submodules: false
2026-10-10T05:10:41.1937978Z   set-safe-directory: true
2026-10-10T05:10:41.1938546Z   allow-unsafe-pr-checkout: false
2026-10-10T05:10:41.1939278Z ##[endgroup]
2026-10-10T05:10:41.2959945Z Syncing repository: wizardpc-com/von-neumann-bottleneck
2026-10-10T05:10:41.2963138Z ##[group]Getting Git version info
2026-10-10T05:10:41.2964768Z Working directory is '/home/runner/work/von-neumann-bottleneck/von-neumann-bottleneck'
2026-10-10T05:10:41.2966139Z [command]/usr/bin/git version
2026-10-10T05:10:41.3031028Z git version 2.55.0
2026-10-10T05:10:41.3058724Z ##[endgroup]
2026-10-10T05:10:41.3074683Z Temporarily overriding HOME='/home/runner/work/_temp/ab999522-530e-40f1-a5eb-8abac986489a' before making global git config changes
2026-10-10T05:10:41.3076172Z Adding repository directory to the temporary git global config as a safe directory
2026-10-10T05:10:41.3081430Z [command]/usr/bin/git config --global --add safe.directory /home/runner/work/von-neumann-bottleneck/von-neumann-bottleneck
2026-10-10T05:10:41.3130862Z Deleting the contents of '/home/runner/work/von-neumann-bottleneck/von-neumann-bottleneck'
2026-10-10T05:10:41.3136273Z ##[group]Initializing the repository
2026-10-10T05:10:41.3140782Z [command]/usr/bin/git init /home/runner/work/von-neumann-bottleneck/von-neumann-bottleneck
2026-10-10T05:10:41.3232740Z hint: Using 'master' as the name for the initial branch. This default branch name
2026-10-10T05:10:41.3236232Z hint: will change to "main" in Git 3.0. To configure the initial branch name
2026-10-10T05:10:41.3237818Z hint: to use in all of your new repositories, which will suppress this warning,
2026-10-10T05:10:41.3238952Z hint: call:
2026-10-10T05:10:41.3239614Z hint:
2026-10-10T05:10:41.3240478Z hint: 	git config --global init.defaultBranch <name>
2026-10-10T05:10:41.3241452Z hint:
2026-10-10T05:10:41.3242389Z hint: Names commonly chosen instead of 'master' are 'main', 'trunk' and
2026-10-10T05:10:41.3243700Z hint: 'development'. The just-created branch can be renamed via this command:
2026-10-10T05:10:41.3245034Z hint:
2026-10-10T05:10:41.3245773Z hint: 	git branch -m <name>
2026-10-10T05:10:41.3246526Z hint:
2026-10-10T05:10:41.3247556Z hint: Disable this message with "git config set advice.defaultBranchName false"
2026-10-10T05:10:41.3249446Z Initialized empty Git repository in /home/runner/work/von-neumann-bottleneck/von-neumann-bottleneck/.git/
2026-10-10T05:10:41.3252226Z [command]/usr/bin/git remote add origin https://github.com/wizardpc-com/von-neumann-bottleneck
2026-10-10T05:10:41.3293233Z ##[endgroup]
2026-10-10T05:10:41.3294138Z ##[group]Disabling automatic garbage collection
2026-10-10T05:10:41.3298464Z [command]/usr/bin/git config --local gc.auto 0
2026-10-10T05:10:41.3327452Z ##[endgroup]
2026-10-10T05:10:41.3328377Z ##[group]Setting up auth
2026-10-10T05:10:41.3335911Z [command]/usr/bin/git config --local --name-only --get-regexp core\.sshCommand
2026-10-10T05:10:41.3364666Z [command]/usr/bin/git submodule foreach --recursive sh -c "git config --local --name-only --get-regexp 'core\.sshCommand' && git config --local --unset-all 'core.sshCommand' || :"
2026-10-10T05:10:41.3687501Z [command]/usr/bin/git config --local --name-only --get-regexp http\.https\:\/\/github\.com\/\.extraheader
2026-10-10T05:10:41.3721062Z [command]/usr/bin/git submodule foreach --recursive sh -c "git config --local --name-only --get-regexp 'http\.https\:\/\/github\.com\/\.extraheader' && git config --local --unset-all 'http.https://github.com/.extraheader' || :"
2026-10-10T05:10:41.3925944Z [command]/usr/bin/git config --local --name-only --get-regexp ^includeIf\.gitdir:
2026-10-10T05:10:41.3955872Z [command]/usr/bin/git submodule foreach --recursive git config --local --show-origin --name-only --get-regexp remote.origin.url
2026-10-10T05:10:41.4133795Z [command]/usr/bin/git config --local http.https://github.com/.extraheader AUTHORIZATION: basic ***
2026-10-10T05:10:41.4168428Z ##[endgroup]
2026-10-10T05:10:41.4169805Z ##[group]Fetching the repository
2026-10-10T05:10:41.4178435Z [command]/usr/bin/git -c protocol.version=2 fetch --no-tags --prune --no-recurse-submodules --depth=1 origin +068c9461636272b375a941b669e2ff59937a8508:refs/remotes/pull/1/merge
2026-10-10T05:10:45.6925940Z From https://github.com/wizardpc-com/von-neumann-bottleneck
2026-10-10T05:10:45.6927874Z  * [new ref]         068c9461636272b375a941b669e2ff59937a8508 -> pull/1/merge
2026-10-10T05:10:45.6937584Z ##[endgroup]
2026-10-10T05:10:45.6939542Z ##[group]Determining the checkout info
2026-10-10T05:10:45.6940970Z ##[endgroup]
2026-10-10T05:10:45.6942296Z [command]/usr/bin/git sparse-checkout disable
2026-10-10T05:10:45.6990012Z [command]/usr/bin/git config --local --unset-all extensions.worktreeConfig
2026-10-10T05:10:45.7025189Z ##[group]Checking out the ref
2026-10-10T05:10:45.7028854Z [command]/usr/bin/git checkout --progress --force refs/remotes/pull/1/merge
2026-10-10T05:10:46.7058065Z Note: switching to 'refs/remotes/pull/1/merge'.
2026-10-10T05:10:46.7058759Z 
2026-10-10T05:10:46.7059156Z You are in 'detached HEAD' state. You can look around, make experimental
2026-10-10T05:10:46.7060019Z changes and commit them, and you can discard any commits you make in this
2026-10-10T05:10:46.7060772Z state without impacting any branches by switching back to a branch.
2026-10-10T05:10:46.7061204Z 
2026-10-10T05:10:46.7061636Z If you want to create a new branch to retain commits you create, you may
2026-10-10T05:10:46.7062713Z do so (now or later) by using -c with the switch command. Example:
2026-10-10T05:10:46.7063036Z 
2026-10-10T05:10:46.7063275Z   git switch -c <new-branch-name>
2026-10-10T05:10:46.7063590Z 
2026-10-10T05:10:46.7063825Z Or undo this operation with:
2026-10-10T05:10:46.7064098Z 
2026-10-10T05:10:46.7064505Z   git switch -
2026-10-10T05:10:46.7064968Z 
2026-10-10T05:10:46.7065373Z Turn off this advice by setting config variable advice.detachedHead to false
2026-10-10T05:10:46.7065959Z 
2026-10-10T05:10:46.7066492Z HEAD is now at 068c946 Merge 150aa3e083e315027e64a2016fac2f56f9906fcb into e46f8664e044c545a130e825363c72d77eca8513
2026-10-10T05:10:46.7087431Z ##[endgroup]
2026-10-10T05:10:46.7132853Z [command]/usr/bin/git log -1 --format=%H
2026-10-10T05:10:46.7158588Z 068c9461636272b375a941b669e2ff59937a8508
2026-10-10T05:10:46.7442647Z ##[group]Run actions/setup-python@v5
2026-10-10T05:10:46.7443179Z with:
2026-10-10T05:10:46.7443598Z   python-version: 3.12
2026-10-10T05:10:46.7444016Z   check-latest: false
2026-10-10T05:10:46.7447337Z   token: ***
2026-10-10T05:10:46.7447791Z   update-environment: true
2026-10-10T05:10:46.7448220Z   allow-prereleases: false
2026-10-10T05:10:46.7448730Z   freethreaded: false
2026-10-10T05:10:46.7449128Z ##[endgroup]
2026-10-10T05:10:46.8694810Z ##[group]Installed versions
2026-10-10T05:10:46.8767623Z (node:2147) [DEP0040] DeprecationWarning: The `punycode` module is deprecated. Please use a userland alternative instead.
2026-10-10T05:10:46.8768708Z (Use `node --trace-deprecation ...` to show where the warning was created)
2026-10-10T05:10:46.8769605Z Successfully set up CPython (3.12.15)
2026-10-10T05:10:46.8770749Z ##[endgroup]
2026-10-10T05:10:46.8928820Z ##[group]Run python scripts/check-branding.py
2026-10-10T05:10:46.8929607Z [36;1mpython scripts/check-branding.py[0m
2026-10-10T05:10:46.9256400Z shell: /usr/bin/bash -e {0}
2026-10-10T05:10:46.9256963Z env:
2026-10-10T05:10:46.9257420Z   pythonLocation: /opt/hostedtoolcache/Python/3.12.15/x64
2026-10-10T05:10:46.9258031Z   PKG_CONFIG_PATH: /opt/hostedtoolcache/Python/3.12.15/x64/lib/pkgconfig
2026-10-10T05:10:46.9258731Z   Python_ROOT_DIR: /opt/hostedtoolcache/Python/3.12.15/x64
2026-10-10T05:10:46.9259353Z   Python2_ROOT_DIR: /opt/hostedtoolcache/Python/3.12.15/x64
2026-10-10T05:10:46.9259935Z   Python3_ROOT_DIR: /opt/hostedtoolcache/Python/3.12.15/x64
2026-10-10T05:10:46.9260509Z   LD_LIBRARY_PATH: /opt/hostedtoolcache/Python/3.12.15/x64/lib
2026-10-10T05:10:46.9260993Z ##[endgroup]
2026-10-10T05:10:47.4464053Z PASS: local branding assets and native icon contracts
2026-10-10T05:10:47.4564165Z ##[group]Run python scripts/test-report-playtests.py
2026-10-10T05:10:47.4564875Z [36;1mpython scripts/test-report-playtests.py[0m
2026-10-10T05:10:47.4617389Z shell: /usr/bin/bash -e {0}
2026-10-10T05:10:47.4617902Z env:
2026-10-10T05:10:47.4618295Z   pythonLocation: /opt/hostedtoolcache/Python/3.12.15/x64
2026-10-10T05:10:47.4618884Z   PKG_CONFIG_PATH: /opt/hostedtoolcache/Python/3.12.15/x64/lib/pkgconfig
2026-10-10T05:10:47.4619432Z   Python_ROOT_DIR: /opt/hostedtoolcache/Python/3.12.15/x64
2026-10-10T05:10:47.4619871Z   Python2_ROOT_DIR: /opt/hostedtoolcache/Python/3.12.15/x64
2026-10-10T05:10:47.4620355Z   Python3_ROOT_DIR: /opt/hostedtoolcache/Python/3.12.15/x64
2026-10-10T05:10:47.4620821Z   LD_LIBRARY_PATH: /opt/hostedtoolcache/Python/3.12.15/x64/lib
2026-10-10T05:10:47.4621219Z ##[endgroup]
2026-10-10T05:10:47.5908650Z PASS: transaction quantities, debug/run/cases, duplicate exports, revised opinions and missing scores
2026-10-10T05:10:47.5910840Z PASS: basic summary totals, mixed-detail deduplication, unknown fields and version/cohort separation
2026-10-10T05:10:47.5970894Z PASS: late visit version attribution and malformed sequence isolation
2026-10-10T05:10:47.6025340Z ##[group]Run python server/test_storage.py
2026-10-10T05:10:47.6025837Z [36;1mpython server/test_storage.py[0m
2026-10-10T05:10:47.6078129Z shell: /usr/bin/bash -e {0}
2026-10-10T05:10:47.6078620Z env:
2026-10-10T05:10:47.6079022Z   pythonLocation: /opt/hostedtoolcache/Python/3.12.15/x64
2026-10-10T05:10:47.6079934Z   PKG_CONFIG_PATH: /opt/hostedtoolcache/Python/3.12.15/x64/lib/pkgconfig
2026-10-10T05:10:47.6080504Z   Python_ROOT_DIR: /opt/hostedtoolcache/Python/3.12.15/x64
2026-10-10T05:10:47.6080994Z   Python2_ROOT_DIR: /opt/hostedtoolcache/Python/3.12.15/x64
2026-10-10T05:10:47.6081459Z   Python3_ROOT_DIR: /opt/hostedtoolcache/Python/3.12.15/x64
2026-10-10T05:10:47.6081945Z   LD_LIBRARY_PATH: /opt/hostedtoolcache/Python/3.12.15/x64/lib
2026-10-10T05:10:47.6082375Z ##[endgroup]
2026-10-10T05:10:47.9807977Z test_conflict_rolls_back (__main__.StorageTests.test_conflict_rolls_back) ... ok
2026-10-10T05:10:47.9813103Z test_failed_ddl_upgrade_is_atomic (__main__.StorageTests.test_failed_ddl_upgrade_is_atomic) ... ok
2026-10-10T05:10:47.9976820Z test_upgrade_restore_merge_and_deleted_identity (__main__.StorageTests.test_upgrade_restore_merge_and_deleted_identity) ... ok
2026-10-10T05:10:47.9978527Z 
2026-10-10T05:10:47.9979019Z ----------------------------------------------------------------------
2026-10-10T05:10:47.9980061Z Ran 3 tests in 0.047s
2026-10-10T05:10:47.9980457Z 
2026-10-10T05:10:47.9980754Z OK
2026-10-10T05:10:48.0130010Z ##[group]Run python server/test_receiver.py
2026-10-10T05:10:48.0130478Z [36;1mpython server/test_receiver.py[0m
2026-10-10T05:10:48.0176845Z shell: /usr/bin/bash -e {0}
2026-10-10T05:10:48.0177287Z env:
2026-10-10T05:10:48.0177663Z   pythonLocation: /opt/hostedtoolcache/Python/3.12.15/x64
2026-10-10T05:10:48.0178172Z   PKG_CONFIG_PATH: /opt/hostedtoolcache/Python/3.12.15/x64/lib/pkgconfig
2026-10-10T05:10:48.0178731Z   Python_ROOT_DIR: /opt/hostedtoolcache/Python/3.12.15/x64
2026-10-10T05:10:48.0179199Z   Python2_ROOT_DIR: /opt/hostedtoolcache/Python/3.12.15/x64
2026-10-10T05:10:48.0179652Z   Python3_ROOT_DIR: /opt/hostedtoolcache/Python/3.12.15/x64
2026-10-10T05:10:48.0180162Z   LD_LIBRARY_PATH: /opt/hostedtoolcache/Python/3.12.15/x64/lib
2026-10-10T05:10:48.0180542Z ##[endgroup]
2026-10-10T05:10:48.3719571Z test_contract (__main__.ReceiverTests.test_contract) ... ok
2026-10-10T05:10:48.3951292Z test_retention (__main__.ReceiverTests.test_retention) ... ok
2026-10-10T05:10:48.3973160Z 
2026-10-10T05:10:48.3974525Z ----------------------------------------------------------------------
2026-10-10T05:10:48.3975290Z Ran 2 tests in 0.177s
2026-10-10T05:10:48.3975589Z 
2026-10-10T05:10:48.3975719Z OK
2026-10-10T05:10:48.4201472Z ##[group]Run python server/test_community.py
2026-10-10T05:10:48.4201904Z [36;1mpython server/test_community.py[0m
2026-10-10T05:10:48.4248320Z shell: /usr/bin/bash -e {0}
2026-10-10T05:10:48.4248735Z env:
2026-10-10T05:10:48.4249152Z   pythonLocation: /opt/hostedtoolcache/Python/3.12.15/x64
2026-10-10T05:10:48.4249676Z   PKG_CONFIG_PATH: /opt/hostedtoolcache/Python/3.12.15/x64/lib/pkgconfig
2026-10-10T05:10:48.4250193Z   Python_ROOT_DIR: /opt/hostedtoolcache/Python/3.12.15/x64
2026-10-10T05:10:48.4250625Z   Python2_ROOT_DIR: /opt/hostedtoolcache/Python/3.12.15/x64
2026-10-10T05:10:48.4251047Z   Python3_ROOT_DIR: /opt/hostedtoolcache/Python/3.12.15/x64
2026-10-10T05:10:48.4251522Z   LD_LIBRARY_PATH: /opt/hostedtoolcache/Python/3.12.15/x64/lib
2026-10-10T05:10:48.4251912Z ##[endgroup]
2026-10-10T05:10:48.5992111Z test_contract (__main__.CommunityTests.test_contract) ... ok
2026-10-10T05:10:48.6109320Z test_retention (__main__.CommunityTests.test_retention) ... ok
2026-10-10T05:10:48.6807979Z test_summary_and_board (__main__.CommunityTests.test_summary_and_board) ... ok
2026-10-10T05:10:48.7593067Z test_contract (test_receiver.ReceiverTests.test_contract) ... ok
2026-10-10T05:10:48.7654799Z test_retention (test_receiver.ReceiverTests.test_retention) ... ok
2026-10-10T05:10:48.7670424Z 
2026-10-10T05:10:48.7670967Z ----------------------------------------------------------------------
2026-10-10T05:10:48.7671487Z Ran 5 tests in 0.263s
2026-10-10T05:10:48.7671661Z 
2026-10-10T05:10:48.7671815Z OK
2026-10-10T05:10:48.7960335Z Post job cleanup.
2026-10-10T05:10:48.9119626Z (node:2171) [DEP0040] DeprecationWarning: The `punycode` module is deprecated. Please use a userland alternative instead.
2026-10-10T05:10:48.9121254Z (Use `node --trace-deprecation ...` to show where the warning was created)
2026-10-10T05:10:48.9279072Z Post job cleanup.
2026-10-10T05:10:49.0128788Z [command]/usr/bin/git version
2026-10-10T05:10:49.0165479Z git version 2.55.0
2026-10-10T05:10:49.0201332Z Temporarily overriding HOME='/home/runner/work/_temp/6d80eda8-3865-4e1b-88e4-013f558dfc3c' before making global git config changes
2026-10-10T05:10:49.0203498Z Adding repository directory to the temporary git global config as a safe directory
2026-10-10T05:10:49.0206990Z [command]/usr/bin/git config --global --add safe.directory /home/runner/work/von-neumann-bottleneck/von-neumann-bottleneck
2026-10-10T05:10:49.0245046Z [command]/usr/bin/git config --local --name-only --get-regexp core\.sshCommand
2026-10-10T05:10:49.0277231Z [command]/usr/bin/git submodule foreach --recursive sh -c "git config --local --name-only --get-regexp 'core\.sshCommand' && git config --local --unset-all 'core.sshCommand' || :"
2026-10-10T05:10:49.0512089Z [command]/usr/bin/git config --local --name-only --get-regexp http\.https\:\/\/github\.com\/\.extraheader
2026-10-10T05:10:49.0535307Z http.https://github.com/.extraheader
2026-10-10T05:10:49.0545025Z [command]/usr/bin/git config --local --unset-all http.https://github.com/.extraheader
2026-10-10T05:10:49.0575835Z [command]/usr/bin/git submodule foreach --recursive sh -c "git config --local --name-only --get-regexp 'http\.https\:\/\/github\.com\/\.extraheader' && git config --local --unset-all 'http.https://github.com/.extraheader' || :"
2026-10-10T05:10:49.0792631Z [command]/usr/bin/git config --local --name-only --get-regexp ^includeIf\.gitdir:
2026-10-10T05:10:49.0822701Z [command]/usr/bin/git submodule foreach --recursive git config --local --show-origin --name-only --get-regexp remote.origin.url
2026-10-10T05:10:49.1203213Z Cleaning up orphan processes
2026-10-10T05:10:49.1455189Z ##[warning]Node.js 20 is deprecated. The following actions target Node.js 20 but are being forced to run on Node.js 24: actions/checkout@v4, actions/setup-python@v5. For more information see: https://github.blog/changelog/2025-09-19-deprecation-of-node-20-on-github-actions-runners/
