2026-10-10T05:10:40.7556303Z Current runner version: '2.337.0'
2026-10-10T05:10:40.7580159Z ##[group]Runner Image Provisioner
2026-10-10T05:10:40.7581147Z Hosted Compute Agent
2026-10-10T05:10:40.7581762Z Version: 20261002.596
2026-10-10T05:10:40.7582389Z Commit: c3d12f3313a95f25162a1503be624f3b0617f8c0
2026-10-10T05:10:40.7583187Z Build Date: 2026-10-02T22:28:27Z
2026-10-10T05:10:40.7583872Z Worker ID: {4f72296d-fd86-4bd0-a2dd-e99884325492}
2026-10-10T05:10:40.7584717Z Region: westcentralus
2026-10-10T05:10:40.7585290Z Cloud: Azure
2026-10-10T05:10:40.7585810Z ##[endgroup]
2026-10-10T05:10:40.7587253Z ##[group]Operating System
2026-10-10T05:10:40.7588207Z Ubuntu
2026-10-10T05:10:40.7588833Z 24.04.5
2026-10-10T05:10:40.7589363Z LTS
2026-10-10T05:10:40.7589877Z ##[endgroup]
2026-10-10T05:10:40.7590490Z ##[group]Runner Image
2026-10-10T05:10:40.7591196Z Image: ubuntu-24.04
2026-10-10T05:10:40.7591831Z Version: 20261004.327.1
2026-10-10T05:10:40.7593051Z Included Software: https://github.com/actions/runner-images/blob/ubuntu24/20261004.327/images/ubuntu/Ubuntu2404-Readme.md
2026-10-10T05:10:40.7594648Z Image Release: https://github.com/actions/runner-images/releases/tag/ubuntu24%2F20261004.327
2026-10-10T05:10:40.7595693Z ##[endgroup]
2026-10-10T05:10:40.7596837Z ##[group]GITHUB_TOKEN Permissions
2026-10-10T05:10:40.7599211Z Contents: read
2026-10-10T05:10:40.7599912Z Metadata: read
2026-10-10T05:10:40.7600513Z ##[endgroup]
2026-10-10T05:10:40.7602555Z Secret source: Actions
2026-10-10T05:10:40.7603623Z Cache mode: write
2026-10-10T05:10:40.7604316Z Prepare workflow directory
2026-10-10T05:10:40.8129974Z Prepare all required actions
2026-10-10T05:10:40.8218911Z Getting action download info
2026-10-10T05:10:41.1056144Z Download action repository 'actions/checkout@v4' (SHA:11d5960a326750d5838078e36cf38b85af677262)
2026-10-10T05:10:41.1874070Z Download action repository 'actions/upload-artifact@v4' (SHA:ea165f8d65b6e75b540449e92b4886f43607fa02)
2026-10-10T05:10:41.3896728Z Complete job name: godot
2026-10-10T05:10:41.4654592Z ##[group]Run actions/checkout@v4
2026-10-10T05:10:41.4655480Z with:
2026-10-10T05:10:41.4656008Z   repository: wizardpc-com/von-neumann-bottleneck
2026-10-10T05:10:41.4659940Z   token: ***
2026-10-10T05:10:41.4660390Z   ssh-strict: true
2026-10-10T05:10:41.4660835Z   ssh-user: git
2026-10-10T05:10:41.4661295Z   persist-credentials: true
2026-10-10T05:10:41.4661805Z   clean: true
2026-10-10T05:10:41.4662274Z   sparse-checkout-cone-mode: true
2026-10-10T05:10:41.4662811Z   fetch-depth: 1
2026-10-10T05:10:41.4663260Z   fetch-tags: false
2026-10-10T05:10:41.4663716Z   show-progress: true
2026-10-10T05:10:41.4664174Z   lfs: false
2026-10-10T05:10:41.4664597Z   submodules: false
2026-10-10T05:10:41.4665068Z   set-safe-directory: true
2026-10-10T05:10:41.4665592Z   allow-unsafe-pr-checkout: false
2026-10-10T05:10:41.4666363Z env:
2026-10-10T05:10:41.4666794Z   GODOT_VERSION: 4.7.1
2026-10-10T05:10:41.4667256Z ##[endgroup]
2026-10-10T05:10:41.5636848Z Syncing repository: wizardpc-com/von-neumann-bottleneck
2026-10-10T05:10:41.5639956Z ##[group]Getting Git version info
2026-10-10T05:10:41.5641553Z Working directory is '/home/runner/work/von-neumann-bottleneck/von-neumann-bottleneck'
2026-10-10T05:10:41.5643550Z [command]/usr/bin/git version
2026-10-10T05:10:41.5693232Z git version 2.55.0
2026-10-10T05:10:41.5715163Z ##[endgroup]
2026-10-10T05:10:41.5729332Z Temporarily overriding HOME='/home/runner/work/_temp/0122df54-ddaf-4bd0-ae6b-24b487b99d37' before making global git config changes
2026-10-10T05:10:41.5731753Z Adding repository directory to the temporary git global config as a safe directory
2026-10-10T05:10:41.5734938Z [command]/usr/bin/git config --global --add safe.directory /home/runner/work/von-neumann-bottleneck/von-neumann-bottleneck
2026-10-10T05:10:41.5785559Z Deleting the contents of '/home/runner/work/von-neumann-bottleneck/von-neumann-bottleneck'
2026-10-10T05:10:41.5789988Z ##[group]Initializing the repository
2026-10-10T05:10:41.5799364Z [command]/usr/bin/git init /home/runner/work/von-neumann-bottleneck/von-neumann-bottleneck
2026-10-10T05:10:41.5894355Z hint: Using 'master' as the name for the initial branch. This default branch name
2026-10-10T05:10:41.5896109Z hint: will change to "main" in Git 3.0. To configure the initial branch name
2026-10-10T05:10:41.5897860Z hint: to use in all of your new repositories, which will suppress this warning,
2026-10-10T05:10:41.5898697Z hint: call:
2026-10-10T05:10:41.5899535Z hint:
2026-10-10T05:10:41.5900086Z hint: 	git config --global init.defaultBranch <name>
2026-10-10T05:10:41.5901031Z hint:
2026-10-10T05:10:41.5901999Z hint: Names commonly chosen instead of 'master' are 'main', 'trunk' and
2026-10-10T05:10:41.5903533Z hint: 'development'. The just-created branch can be renamed via this command:
2026-10-10T05:10:41.5904673Z hint:
2026-10-10T05:10:41.5905106Z hint: 	git branch -m <name>
2026-10-10T05:10:41.5905637Z hint:
2026-10-10T05:10:41.5906703Z hint: Disable this message with "git config set advice.defaultBranchName false"
2026-10-10T05:10:41.5908938Z Initialized empty Git repository in /home/runner/work/von-neumann-bottleneck/von-neumann-bottleneck/.git/
2026-10-10T05:10:41.5914472Z [command]/usr/bin/git remote add origin https://github.com/wizardpc-com/von-neumann-bottleneck
2026-10-10T05:10:41.5968174Z ##[endgroup]
2026-10-10T05:10:41.5969450Z ##[group]Disabling automatic garbage collection
2026-10-10T05:10:41.5972565Z [command]/usr/bin/git config --local gc.auto 0
2026-10-10T05:10:41.6006916Z ##[endgroup]
2026-10-10T05:10:41.6008307Z ##[group]Setting up auth
2026-10-10T05:10:41.6015408Z [command]/usr/bin/git config --local --name-only --get-regexp core\.sshCommand
2026-10-10T05:10:41.6047270Z [command]/usr/bin/git submodule foreach --recursive sh -c "git config --local --name-only --get-regexp 'core\.sshCommand' && git config --local --unset-all 'core.sshCommand' || :"
2026-10-10T05:10:41.6401716Z [command]/usr/bin/git config --local --name-only --get-regexp http\.https\:\/\/github\.com\/\.extraheader
2026-10-10T05:10:41.6440091Z [command]/usr/bin/git submodule foreach --recursive sh -c "git config --local --name-only --get-regexp 'http\.https\:\/\/github\.com\/\.extraheader' && git config --local --unset-all 'http.https://github.com/.extraheader' || :"
2026-10-10T05:10:41.6691039Z [command]/usr/bin/git config --local --name-only --get-regexp ^includeIf\.gitdir:
2026-10-10T05:10:41.6728268Z [command]/usr/bin/git submodule foreach --recursive git config --local --show-origin --name-only --get-regexp remote.origin.url
2026-10-10T05:10:41.6947978Z [command]/usr/bin/git config --local http.https://github.com/.extraheader AUTHORIZATION: basic ***
2026-10-10T05:10:41.6988619Z ##[endgroup]
2026-10-10T05:10:41.6989748Z ##[group]Fetching the repository
2026-10-10T05:10:41.6999365Z [command]/usr/bin/git -c protocol.version=2 fetch --no-tags --prune --no-recurse-submodules --depth=1 origin +068c9461636272b375a941b669e2ff59937a8508:refs/remotes/pull/1/merge
2026-10-10T05:10:45.9835261Z From https://github.com/wizardpc-com/von-neumann-bottleneck
2026-10-10T05:10:45.9837772Z  * [new ref]         068c9461636272b375a941b669e2ff59937a8508 -> pull/1/merge
2026-10-10T05:10:45.9840820Z ##[endgroup]
2026-10-10T05:10:45.9843199Z ##[group]Determining the checkout info
2026-10-10T05:10:45.9845472Z ##[endgroup]
2026-10-10T05:10:45.9846788Z [command]/usr/bin/git sparse-checkout disable
2026-10-10T05:10:46.0210117Z [command]/usr/bin/git config --local --unset-all extensions.worktreeConfig
2026-10-10T05:10:46.0263281Z ##[group]Checking out the ref
2026-10-10T05:10:46.0265572Z [command]/usr/bin/git checkout --progress --force refs/remotes/pull/1/merge
2026-10-10T05:10:47.0036060Z Note: switching to 'refs/remotes/pull/1/merge'.
2026-10-10T05:10:47.0039468Z 
2026-10-10T05:10:47.0039977Z You are in 'detached HEAD' state. You can look around, make experimental
2026-10-10T05:10:47.0040921Z changes and commit them, and you can discard any commits you make in this
2026-10-10T05:10:47.0041761Z state without impacting any branches by switching back to a branch.
2026-10-10T05:10:47.0042196Z 
2026-10-10T05:10:47.0042464Z If you want to create a new branch to retain commits you create, you may
2026-10-10T05:10:47.0043351Z do so (now or later) by using -c with the switch command. Example:
2026-10-10T05:10:47.0043680Z 
2026-10-10T05:10:47.0043823Z   git switch -c <new-branch-name>
2026-10-10T05:10:47.0044052Z 
2026-10-10T05:10:47.0044196Z Or undo this operation with:
2026-10-10T05:10:47.0044413Z 
2026-10-10T05:10:47.0044541Z   git switch -
2026-10-10T05:10:47.0044776Z 
2026-10-10T05:10:47.0045078Z Turn off this advice by setting config variable advice.detachedHead to false
2026-10-10T05:10:47.0045454Z 
2026-10-10T05:10:47.0045887Z HEAD is now at 068c946 Merge 150aa3e083e315027e64a2016fac2f56f9906fcb into e46f8664e044c545a130e825363c72d77eca8513
2026-10-10T05:10:47.0076182Z ##[endgroup]
2026-10-10T05:10:47.0121155Z [command]/usr/bin/git log -1 --format=%H
2026-10-10T05:10:47.0147094Z 068c9461636272b375a941b669e2ff59937a8508
2026-10-10T05:10:47.0362712Z ##[group]Run set -euo pipefail
2026-10-10T05:10:47.0363162Z [36;1mset -euo pipefail[0m
2026-10-10T05:10:47.0363539Z [36;1mmkdir -p "$RUNNER_TEMP/vnb-engine"[0m
2026-10-10T05:10:47.0363914Z [36;1mcd "$RUNNER_TEMP/vnb-engine"[0m
2026-10-10T05:10:47.0364595Z [36;1mrelease="https://github.com/godotengine/godot-builds/releases/download/${GODOT_VERSION}-stable"[0m
2026-10-10T05:10:47.0365244Z [36;1marchive="Godot_v${GODOT_VERSION}-stable_linux.x86_64.zip"[0m
2026-10-10T05:10:47.0365768Z [36;1mcurl --fail --location "$release/$archive" --output "$archive"[0m
2026-10-10T05:10:47.0366334Z [36;1mcurl --fail --location "$release/SHA512-SUMS.txt" --output SHA512-SUMS.txt[0m
2026-10-10T05:10:47.0366963Z [36;1mawk -v file="$archive" '$2 == file || $2 == "*" file {print}' SHA512-SUMS.txt > engine.sha512[0m
2026-10-10T05:10:47.0367472Z [36;1mtest -s engine.sha512[0m
2026-10-10T05:10:47.0368003Z [36;1msha512sum --check engine.sha512[0m
2026-10-10T05:10:47.0368378Z [36;1munzip "$archive"[0m
2026-10-10T05:10:47.0368747Z [36;1mmv "Godot_v${GODOT_VERSION}-stable_linux.x86_64" godot[0m
2026-10-10T05:10:47.0369143Z [36;1mchmod +x godot[0m
2026-10-10T05:10:47.0622521Z shell: /usr/bin/bash --noprofile --norc -e -o pipefail {0}
2026-10-10T05:10:47.0623052Z env:
2026-10-10T05:10:47.0623359Z   GODOT_VERSION: 4.7.1
2026-10-10T05:10:47.0623698Z ##[endgroup]
2026-10-10T05:10:47.0810664Z   % Total    % Received % Xferd  Average Speed   Time    Time     Time  Current
2026-10-10T05:10:47.0811616Z                                  Dload  Upload   Total   Spent    Left  Speed
2026-10-10T05:10:47.0811969Z 
2026-10-10T05:10:47.2955768Z   0     0    0     0    0     0      0      0 --:--:-- --:--:-- --:--:--     0
2026-10-10T05:10:47.2956535Z   0     0    0     0    0     0      0      0 --:--:-- --:--:-- --:--:--     0
2026-10-10T05:10:47.7894317Z 
2026-10-10T05:10:47.7895031Z 100 72.5M  100 72.5M    0     0   102M      0 --:--:-- --:--:-- --:--:--  102M
2026-10-10T05:10:47.7975570Z   % Total    % Received % Xferd  Average Speed   Time    Time     Time  Current
2026-10-10T05:10:47.7976451Z                                  Dload  Upload   Total   Spent    Left  Speed
2026-10-10T05:10:47.7976895Z 
2026-10-10T05:10:47.9951507Z   0     0    0     0    0     0      0      0 --:--:-- --:--:-- --:--:--     0
2026-10-10T05:10:47.9952994Z   0     0    0     0    0     0      0      0 --:--:-- --:--:-- --:--:--     0
2026-10-10T05:10:48.0862815Z 
2026-10-10T05:10:48.0932969Z 100  5682  100  5682    0     0  19673      0 --:--:-- --:--:-- --:--:-- 19673
2026-10-10T05:10:48.0933818Z 100  5682  100  5682    0     0  19667      0 --:--:-- --:--:-- --:--:--     0
2026-10-10T05:10:48.2005751Z Godot_v4.7.1-stable_linux.x86_64.zip: OK
2026-10-10T05:10:48.2029747Z Archive:  Godot_v4.7.1-stable_linux.x86_64.zip
2026-10-10T05:10:49.1692976Z   inflating: Godot_v4.7.1-stable_linux.x86_64  
2026-10-10T05:10:49.1775681Z ##[group]Run python3 scripts/verify-project.py --godot "$RUNNER_TEMP/vnb-engine/godot"
2026-10-10T05:10:49.1776336Z [36;1mpython3 scripts/verify-project.py --godot "$RUNNER_TEMP/vnb-engine/godot"[0m
2026-10-10T05:10:49.1840109Z shell: /usr/bin/bash -e {0}
2026-10-10T05:10:49.1840379Z env:
2026-10-10T05:10:49.1840579Z   GODOT_VERSION: 4.7.1
2026-10-10T05:10:49.1840803Z ##[endgroup]
2026-10-10T05:10:50.0331455Z Evidence and isolated project: /home/runner/work/von-neumann-bottleneck/von-neumann-bottleneck/.godot/verification/20261010T051049Z-2ee86d9a
2026-10-10T05:11:00.2704528Z import: PASS (import.txt)
2026-10-10T05:11:01.1872458Z user_directory: PASS (user_directory.txt)
2026-10-10T05:11:03.5091378Z test_alarm_order_feedback: PASS (test_alarm_order_feedback.txt)
2026-10-10T05:11:07.4327469Z test_bilingual_typography: PASS (test_bilingual_typography.txt)
2026-10-10T05:11:08.4498226Z test_candidate_designs: PASS (test_candidate_designs.txt)
2026-10-10T05:11:11.7221962Z test_candidate_disabled_focus: PASS (test_candidate_disabled_focus.txt)
2026-10-10T05:11:13.8412985Z test_candidate_journey: PASS (test_candidate_journey.txt)
2026-10-10T05:11:15.4092792Z test_candidate_journey_review: PASS (test_candidate_journey_review.txt)
2026-10-10T05:11:20.4360639Z test_candidate_language_navigation: PASS (test_candidate_language_navigation.txt)
2026-10-10T05:11:27.6155525Z test_candidate_lifecycle: PASS (test_candidate_lifecycle.txt)
2026-10-10T05:11:28.6328808Z test_candidate_policy: PASS (test_candidate_policy.txt)
2026-10-10T05:11:30.7524395Z test_candidate_restore_selection: PASS (test_candidate_restore_selection.txt)
2026-10-10T05:11:47.2036300Z test_candidate_supports: PASS (test_candidate_supports.txt)
2026-10-10T05:11:48.2205543Z test_candidate_writer_retry: PASS (test_candidate_writer_retry.txt)
2026-10-10T05:11:51.0920139Z test_candidate_writer_retry_ui: PASS (test_candidate_writer_retry_ui.txt)
2026-10-10T05:11:55.8167055Z test_chapter_card_routes: PASS (test_chapter_card_routes.txt)
2026-10-10T05:11:57.7863023Z test_chapter_redo_shortcuts: PASS (test_chapter_redo_shortcuts.txt)
2026-10-10T05:11:59.6553977Z test_chapter_workspaces: PASS (test_chapter_workspaces.txt)
2026-10-10T05:12:00.6722967Z test_circuit_simulation: PASS (test_circuit_simulation.txt)
2026-10-10T05:12:01.6892347Z test_completion_presentation: PASS (test_completion_presentation.txt)
2026-10-10T05:12:05.7634708Z test_completion_route: PASS (test_completion_route.txt)
2026-10-10T05:12:08.7355215Z test_completion_service_clarity: PASS (test_completion_service_clarity.txt)
2026-10-10T05:12:09.7527119Z test_content_registry: PASS (test_content_registry.txt)
2026-10-10T05:12:21.2960661Z test_core_closure_navigation: PASS (test_core_closure_navigation.txt)
2026-10-10T05:12:24.2680022Z test_creation_causal_panel: PASS (test_creation_causal_panel.txt)
2026-10-10T05:12:27.5413439Z test_creation_choice_completion: PASS (test_creation_choice_completion.txt)
2026-10-10T05:12:31.5672753Z test_creation_comparison: PASS (test_creation_comparison.txt)
2026-10-10T05:12:35.2921183Z test_creation_condition_examples: PASS (test_creation_condition_examples.txt)
2026-10-10T05:12:41.1716091Z test_creation_contract: PASS (test_creation_contract.txt)
2026-10-10T05:12:45.1970439Z test_creation_cost_ledger: PASS (test_creation_cost_ledger.txt)
2026-10-10T05:12:49.6742593Z test_creation_draft_undo: PASS (test_creation_draft_undo.txt)
2026-10-10T05:13:00.0166552Z test_creation_edit_controls: PASS (test_creation_edit_controls.txt)
2026-10-10T05:13:02.5384451Z test_creation_evidence_identity: PASS (test_creation_evidence_identity.txt)
2026-10-10T05:13:04.6591071Z test_creation_evidence_reading: PASS (test_creation_evidence_reading.txt)
2026-10-10T05:13:05.6766153Z test_creation_explanation: PASS (test_creation_explanation.txt)
2026-10-10T05:13:08.2988303Z test_creation_future_workbench: PASS (test_creation_future_workbench.txt)
2026-10-10T05:13:11.8238765Z test_creation_input_validation: PASS (test_creation_input_validation.txt)
2026-10-10T05:13:14.3459165Z test_creation_keyboard_focus: PASS (test_creation_keyboard_focus.txt)
2026-10-10T05:13:18.0707916Z test_creation_measured_closure: PASS (test_creation_measured_closure.txt)
2026-10-10T05:13:19.1888988Z test_creation_navigation: PASS (test_creation_navigation.txt)
2026-10-10T05:13:26.0702885Z test_creation_observation_focus: PASS (test_creation_observation_focus.txt)
2026-10-10T05:13:41.1219508Z test_creation_playable_loop: PASS (test_creation_playable_loop.txt)
2026-10-10T05:13:42.5400177Z test_creation_prediction_flow: PASS (test_creation_prediction_flow.txt)
2026-10-10T05:13:43.5575071Z test_creation_prediction_memory: PASS (test_creation_prediction_memory.txt)
2026-10-10T05:13:50.1886365Z test_creation_prediction_work_view: PASS (test_creation_prediction_work_view.txt)
2026-10-10T05:13:55.7681611Z test_creation_preparation_binding: PASS (test_creation_preparation_binding.txt)
2026-10-10T05:13:56.7854838Z test_creation_profile_navigation: PASS (test_creation_profile_navigation.txt)
2026-10-10T05:13:57.9029818Z test_creation_raw_readonly: PASS (test_creation_raw_readonly.txt)
2026-10-10T05:14:01.7292630Z test_creation_route_flow: PASS (test_creation_route_flow.txt)
2026-10-10T05:14:03.6999498Z test_creation_state_regressions: PASS (test_creation_state_regressions.txt)
2026-10-10T05:14:06.2218234Z test_creation_work_focus: PASS (test_creation_work_focus.txt)
2026-10-10T05:14:26.4891515Z test_creation_workbench: PASS (test_creation_workbench.txt)
2026-10-10T05:14:29.4610271Z test_creation_writer_retry: PASS (test_creation_writer_retry.txt)
2026-10-10T05:14:51.5241217Z test_creation_writer_retry_ui: PASS (test_creation_writer_retry_ui.txt)
2026-10-10T05:14:54.6969203Z test_desktop_conventions: PASS (test_desktop_conventions.txt)
2026-10-10T05:14:57.4182764Z test_direct_task_navigation: PASS (test_direct_task_navigation.txt)
2026-10-10T05:14:59.3885320Z test_display_preferences: PASS (test_display_preferences.txt)
2026-10-10T05:15:00.4064626Z test_evidence_proxy: PASS (test_evidence_proxy.txt)
2026-10-10T05:15:03.6800752Z test_exploration: PASS (test_exploration.txt)
2026-10-10T05:15:04.9985115Z test_final_convergence: PASS (test_final_convergence.txt)
2026-10-10T05:15:08.4226273Z test_first_build_guidance: PASS (test_first_build_guidance.txt)
2026-10-10T05:15:09.4400912Z test_floating_tool_recall: PASS (test_floating_tool_recall.txt)
2026-10-10T05:15:13.0645464Z test_global_save: PASS (test_global_save.txt)
2026-10-10T05:15:17.4403901Z test_hardware_foundations_ui: PASS (test_hardware_foundations_ui.txt)
2026-10-10T05:15:22.4685377Z test_hardware_prologue_ui: PASS (test_hardware_prologue_ui.txt)
2026-10-10T05:15:26.1932395Z test_hardware_seal_navigation: PASS (test_hardware_seal_navigation.txt)
2026-10-10T05:15:37.1854657Z test_hub_first_screen: PASS (test_hub_first_screen.txt)
2026-10-10T05:15:39.9566417Z test_intelligent_state: PASS (test_intelligent_state.txt)
2026-10-10T05:15:42.1772191Z test_latch_playback_readout: PASS (test_latch_playback_readout.txt)
2026-10-10T05:15:45.3498659Z test_layout_navigation: PASS (test_layout_navigation.txt)
2026-10-10T05:15:46.8185274Z test_layout_preview_selection: PASS (test_layout_preview_selection.txt)
2026-10-10T05:15:48.4878519Z test_layout_recipe_sources: PASS (test_layout_recipe_sources.txt)
2026-10-10T05:15:51.0093190Z test_layout_simulation: PASS (test_layout_simulation.txt)
2026-10-10T05:15:52.6788420Z test_layout_trace_storage: PASS (test_layout_trace_storage.txt)
2026-10-10T05:15:54.6491290Z test_layout_ui: PASS (test_layout_ui.txt)
2026-10-10T05:16:02.7337186Z test_learning_handbook: PASS (test_learning_handbook.txt)
2026-10-10T05:16:05.9063264Z test_locality_chapter_ui: PASS (test_locality_chapter_ui.txt)
2026-10-10T05:16:07.9766428Z test_locality_restored_baseline: PASS (test_locality_restored_baseline.txt)
2026-10-10T05:16:09.3950769Z test_localization: PASS (test_localization.txt)
2026-10-10T05:16:10.4127943Z test_optional_challenges: PASS (test_optional_challenges.txt)
2026-10-10T05:16:11.8812391Z test_optional_result_feedback: PASS (test_optional_result_feedback.txt)
2026-10-10T05:16:12.8986855Z test_overlap_simulation: PASS (test_overlap_simulation.txt)
2026-10-10T05:16:15.6304641Z test_overlap_ui: PASS (test_overlap_ui.txt)
2026-10-10T05:16:16.8486127Z test_personal_records: PASS (test_personal_records.txt)
2026-10-10T05:16:17.8662033Z test_playtest_data: PASS (test_playtest_data.txt)
2026-10-10T05:16:18.8836048Z test_playtest_feedback_ui: PASS (test_playtest_feedback_ui.txt)
2026-10-10T05:16:19.9010970Z test_playtest_visits: PASS (test_playtest_visits.txt)
2026-10-10T05:16:21.5697869Z test_prediction_goal_feedback: PASS (test_prediction_goal_feedback.txt)
2026-10-10T05:16:22.7880984Z test_prediction_navigation: PASS (test_prediction_navigation.txt)
2026-10-10T05:16:23.9059402Z test_prediction_record_source: PASS (test_prediction_record_source.txt)
2026-10-10T05:16:25.7766662Z test_prediction_slice: PASS (test_prediction_slice.txt)
2026-10-10T05:16:29.6007086Z test_prediction_workbench_presentation: PASS (test_prediction_workbench_presentation.txt)
2026-10-10T05:16:31.5704110Z test_prelaunch_settings: PASS (test_prelaunch_settings.txt)
2026-10-10T05:16:33.4401047Z test_prologue_continuation: PASS (test_prologue_continuation.txt)
2026-10-10T05:16:35.3106336Z test_prologue_simulation: PASS (test_prologue_simulation.txt)
2026-10-10T05:16:36.5288585Z test_release_convergence: PASS (test_release_convergence.txt)
2026-10-10T05:16:37.5469466Z test_remote_feedback: PASS (test_remote_feedback.txt)
2026-10-10T05:16:38.5649115Z test_representation_cache: PASS (test_representation_cache.txt)
2026-10-10T05:16:42.0895777Z test_representation_closure_navigation: PASS (test_representation_closure_navigation.txt)
2026-10-10T05:16:44.9622344Z test_representation_design_shelf: PASS (test_representation_design_shelf.txt)
2026-10-10T05:16:47.0328035Z test_representation_edit_context: PASS (test_representation_edit_context.txt)
2026-10-10T05:16:48.6016347Z test_representation_plan: PASS (test_representation_plan.txt)
2026-10-10T05:16:51.3240015Z test_representation_region: PASS (test_representation_region.txt)
2026-10-10T05:16:56.5524998Z test_representation_restored_notice: PASS (test_representation_restored_notice.txt)
2026-10-10T05:16:58.0215534Z test_representation_session: PASS (test_representation_session.txt)
2026-10-10T05:17:00.6439067Z test_representation_visual: PASS (test_representation_visual.txt)
2026-10-10T05:17:22.7622561Z test_representation_workbench_presentation: PASS (test_representation_workbench_presentation.txt)
2026-10-10T05:17:25.5344467Z test_save_signature_migration: PASS (test_save_signature_migration.txt)
2026-10-10T05:17:26.5522172Z test_second_act_content: PASS (test_second_act_content.txt)
2026-10-10T05:17:28.1209392Z test_second_act_experiments: PASS (test_second_act_experiments.txt)
2026-10-10T05:17:29.1386452Z test_second_act_independent: PASS (test_second_act_independent.txt)
2026-10-10T05:17:31.6600447Z test_second_act_navigation: PASS (test_second_act_navigation.txt)
2026-10-10T05:17:34.4321155Z test_service_commission_ui: PASS (test_service_commission_ui.txt)
2026-10-10T05:17:35.5504392Z test_service_commissions: PASS (test_service_commissions.txt)
2026-10-10T05:17:36.9692060Z test_service_context_navigation: PASS (test_service_context_navigation.txt)
2026-10-10T05:17:40.2421798Z test_service_design_shelf: PASS (test_service_design_shelf.txt)
2026-10-10T05:17:42.1117565Z test_service_learning_ui: PASS (test_service_learning_ui.txt)
2026-10-10T05:17:44.3320141Z test_service_number_display: PASS (test_service_number_display.txt)
2026-10-10T05:17:49.0581141Z test_service_plan: PASS (test_service_plan.txt)
2026-10-10T05:17:51.1787768Z test_service_session: PASS (test_service_session.txt)
2026-10-10T05:17:52.8478287Z test_service_split_actions: PASS (test_service_split_actions.txt)
2026-10-10T05:17:54.2662312Z test_service_state_replay: PASS (test_service_state_replay.txt)
2026-10-10T05:17:55.3840756Z test_service_state_replay_view: PASS (test_service_state_replay_view.txt)
2026-10-10T05:17:59.5582575Z test_service_undo_context: PASS (test_service_undo_context.txt)
2026-10-10T05:18:00.5759148Z test_simulation: PASS (test_simulation.txt)
2026-10-10T05:18:03.1972022Z test_storage_caption_playback: PASS (test_storage_caption_playback.txt)
2026-10-10T05:18:04.3151282Z test_system_applications: PASS (test_system_applications.txt)
2026-10-10T05:18:05.7337044Z test_system_baseline_continuity: PASS (test_system_baseline_continuity.txt)
2026-10-10T05:18:08.7058379Z test_system_cost_evidence: PASS (test_system_cost_evidence.txt)
2026-10-10T05:18:09.7234782Z test_system_lab_simulation: PASS (test_system_lab_simulation.txt)
2026-10-10T05:18:12.7953071Z test_system_lab_ui: PASS (test_system_lab_ui.txt)
2026-10-10T05:18:14.5647034Z test_system_trace_source_binding: PASS (test_system_trace_source_binding.txt)
2026-10-10T05:18:16.8853388Z test_task_tree: PASS (test_task_tree.txt)
2026-10-10T05:18:17.9032159Z test_task_tree_layout: PASS (test_task_tree_layout.txt)
2026-10-10T05:18:20.4248436Z test_task_tree_presentation: PASS (test_task_tree_presentation.txt)
2026-10-10T05:18:21.5428538Z test_theme_reflection: PASS (test_theme_reflection.txt)
2026-10-10T05:18:23.4129524Z test_trace_ambience: PASS (test_trace_ambience.txt)
2026-10-10T05:18:29.0911974Z test_tree_journey_presentation: PASS (test_tree_journey_presentation.txt)
2026-10-10T05:18:31.4124643Z test_tutorial_replay: PASS (test_tutorial_replay.txt)
2026-10-10T05:18:33.6329188Z test_ui: PASS (test_ui.txt)
2026-10-10T05:18:35.9031898Z test_unified_journey_navigation: PASS (test_unified_journey_navigation.txt)
2026-10-10T05:18:36.8208163Z test_visit_summary: PASS (test_visit_summary.txt)
2026-10-10T05:18:38.4900423Z test_wire_drag_geometry: PASS (test_wire_drag_geometry.txt)
2026-10-10T05:18:39.6080843Z test_wire_tooltip_lifecycle: PASS (test_wire_tooltip_lifecycle.txt)
2026-10-10T05:18:40.6259270Z test_workbench_interrupted_recovery: PASS (test_workbench_interrupted_recovery.txt)
2026-10-10T05:18:41.6439422Z test_workbench_write_failure: PASS (test_workbench_write_failure.txt)
2026-10-10T05:18:41.6565927Z ##[group]Run actions/upload-artifact@v4
2026-10-10T05:18:41.6566228Z with:
2026-10-10T05:18:41.6566432Z   name: isolated-godot-results
2026-10-10T05:18:41.6566703Z   path: .godot/verification/*/*.txt
2026-10-10T05:18:41.6566966Z   retention-days: 7
2026-10-10T05:18:41.6567176Z   if-no-files-found: warn
2026-10-10T05:18:41.6567414Z   compression-level: 6
2026-10-10T05:18:41.6567898Z   overwrite: false
2026-10-10T05:18:41.6568117Z   include-hidden-files: false
2026-10-10T05:18:41.6568342Z env:
2026-10-10T05:18:41.6568519Z   GODOT_VERSION: 4.7.1
2026-10-10T05:18:41.6568722Z ##[endgroup]
2026-10-10T05:18:41.8207019Z (node:4095) [DEP0040] DeprecationWarning: The `punycode` module is deprecated. Please use a userland alternative instead.
2026-10-10T05:18:41.8208460Z (Use `node --trace-deprecation ...` to show where the warning was created)
2026-10-10T05:18:41.8539313Z With the provided path, there will be 146 files uploaded
2026-10-10T05:18:41.8540221Z Artifact name is valid!
2026-10-10T05:18:41.8540978Z Root directory input is valid!
2026-10-10T05:18:42.1738293Z Beginning upload of artifact content to blob storage
2026-10-10T05:18:42.3179429Z (node:4095) [DEP0169] DeprecationWarning: `url.parse()` behavior is not standardized and prone to errors that have security implications. Use the WHATWG URL API instead. CVEs are not issued for `url.parse()` vulnerabilities.
2026-10-10T05:18:42.6345710Z Uploaded bytes 54739
2026-10-10T05:18:42.6981293Z Finished uploading artifact content to blob storage!
2026-10-10T05:18:42.6982625Z SHA256 digest of uploaded artifact zip is 501f7c8f3196e10020f3f5c194ce9f137d22cbf8221fc984534f9e07bbcc07b2
2026-10-10T05:18:42.6984002Z Finalizing artifact upload
2026-10-10T05:18:42.9371819Z Artifact isolated-godot-results.zip successfully finalized. Artifact ID 11660541808
2026-10-10T05:18:42.9373223Z Artifact isolated-godot-results has been successfully uploaded! Final size is 54739 bytes. Artifact ID is 11660541808
2026-10-10T05:18:42.9380752Z Artifact download URL: https://github.com/wizardpc-com/von-neumann-bottleneck/actions/runs/38026616003/artifacts/11660541808
2026-10-10T05:18:42.9601882Z Post job cleanup.
2026-10-10T05:18:43.0488268Z [command]/usr/bin/git version
2026-10-10T05:18:43.0526487Z git version 2.55.0
2026-10-10T05:18:43.0570480Z Temporarily overriding HOME='/home/runner/work/_temp/80fad9f5-42c9-4a7d-bd93-6fd4407ff669' before making global git config changes
2026-10-10T05:18:43.0571917Z Adding repository directory to the temporary git global config as a safe directory
2026-10-10T05:18:43.0577138Z [command]/usr/bin/git config --global --add safe.directory /home/runner/work/von-neumann-bottleneck/von-neumann-bottleneck
2026-10-10T05:18:43.0614783Z [command]/usr/bin/git config --local --name-only --get-regexp core\.sshCommand
2026-10-10T05:18:43.0649961Z [command]/usr/bin/git submodule foreach --recursive sh -c "git config --local --name-only --get-regexp 'core\.sshCommand' && git config --local --unset-all 'core.sshCommand' || :"
2026-10-10T05:18:43.0911147Z [command]/usr/bin/git config --local --name-only --get-regexp http\.https\:\/\/github\.com\/\.extraheader
2026-10-10T05:18:43.0937758Z http.https://github.com/.extraheader
2026-10-10T05:18:43.0950716Z [command]/usr/bin/git config --local --unset-all http.https://github.com/.extraheader
2026-10-10T05:18:43.0984381Z [command]/usr/bin/git submodule foreach --recursive sh -c "git config --local --name-only --get-regexp 'http\.https\:\/\/github\.com\/\.extraheader' && git config --local --unset-all 'http.https://github.com/.extraheader' || :"
2026-10-10T05:18:43.1258779Z [command]/usr/bin/git config --local --name-only --get-regexp ^includeIf\.gitdir:
2026-10-10T05:18:43.1296748Z [command]/usr/bin/git submodule foreach --recursive git config --local --show-origin --name-only --get-regexp remote.origin.url
2026-10-10T05:18:43.1685855Z Cleaning up orphan processes
2026-10-10T05:18:43.2071260Z ##[warning]Node.js 20 is deprecated. The following actions target Node.js 20 but are being forced to run on Node.js 24: actions/checkout@v4, actions/upload-artifact@v4. For more information see: https://github.blog/changelog/2025-09-19-deprecation-of-node-20-on-github-actions-runners/
