2026-10-10T05:21:37.2013813Z Current runner version: '2.337.0'
2026-10-10T05:21:37.2036619Z ##[group]Runner Image Provisioner
2026-10-10T05:21:37.2037607Z Hosted Compute Agent
2026-10-10T05:21:37.2038200Z Version: 20261002.596
2026-10-10T05:21:37.2038913Z Commit: c3d12f3313a95f25162a1503be624f3b0617f8c0
2026-10-10T05:21:37.2039659Z Build Date: 2026-10-02T22:28:27Z
2026-10-10T05:21:37.2040349Z Worker ID: {d507d26f-bd96-479f-a2ae-3cb48ba1ba21}
2026-10-10T05:21:37.2041111Z Region: westcentralus
2026-10-10T05:21:37.2041681Z Cloud: Azure
2026-10-10T05:21:37.2042229Z ##[endgroup]
2026-10-10T05:21:37.2044149Z ##[group]Operating System
2026-10-10T05:21:37.2044826Z Ubuntu
2026-10-10T05:21:37.2045427Z 24.04.5
2026-10-10T05:21:37.2045932Z LTS
2026-10-10T05:21:37.2046457Z ##[endgroup]
2026-10-10T05:21:37.2047073Z ##[group]Runner Image
2026-10-10T05:21:37.2047666Z Image: ubuntu-24.04
2026-10-10T05:21:37.2048253Z Version: 20261004.327.1
2026-10-10T05:21:37.2049547Z Included Software: https://github.com/actions/runner-images/blob/ubuntu24/20261004.327/images/ubuntu/Ubuntu2404-Readme.md
2026-10-10T05:21:37.2051163Z Image Release: https://github.com/actions/runner-images/releases/tag/ubuntu24%2F20261004.327
2026-10-10T05:21:37.2052140Z ##[endgroup]
2026-10-10T05:21:37.2053580Z ##[group]GITHUB_TOKEN Permissions
2026-10-10T05:21:37.2055462Z Contents: read
2026-10-10T05:21:37.2056139Z Metadata: read
2026-10-10T05:21:37.2056714Z ##[endgroup]
2026-10-10T05:21:37.2058712Z Secret source: Actions
2026-10-10T05:21:37.2059733Z Cache mode: write
2026-10-10T05:21:37.2060433Z Prepare workflow directory
2026-10-10T05:21:37.2498119Z Prepare all required actions
2026-10-10T05:21:37.2544866Z Getting action download info
2026-10-10T05:21:37.5319631Z Download action repository 'actions/checkout@v4' (SHA:11d5960a326750d5838078e36cf38b85af677262)
2026-10-10T05:21:37.6131776Z Download action repository 'actions/upload-artifact@v4' (SHA:ea165f8d65b6e75b540449e92b4886f43607fa02)
2026-10-10T05:21:37.8144043Z Complete job name: godot
2026-10-10T05:21:37.8930485Z ##[group]Run actions/checkout@v4
2026-10-10T05:21:37.8931468Z with:
2026-10-10T05:21:37.8931993Z   repository: wizardpc-com/von-neumann-bottleneck
2026-10-10T05:21:37.8936360Z   token: ***
2026-10-10T05:21:37.8936805Z   ssh-strict: true
2026-10-10T05:21:37.8937249Z   ssh-user: git
2026-10-10T05:21:37.8937689Z   persist-credentials: true
2026-10-10T05:21:37.8938174Z   clean: true
2026-10-10T05:21:37.8938617Z   sparse-checkout-cone-mode: true
2026-10-10T05:21:37.8939136Z   fetch-depth: 1
2026-10-10T05:21:37.8939568Z   fetch-tags: false
2026-10-10T05:21:37.8940008Z   show-progress: true
2026-10-10T05:21:37.8940456Z   lfs: false
2026-10-10T05:21:37.8940874Z   submodules: false
2026-10-10T05:21:37.8941325Z   set-safe-directory: true
2026-10-10T05:21:37.8941830Z   allow-unsafe-pr-checkout: false
2026-10-10T05:21:37.8942629Z env:
2026-10-10T05:21:37.8943252Z   GODOT_VERSION: 4.7.1
2026-10-10T05:21:37.8943714Z ##[endgroup]
2026-10-10T05:21:37.9948693Z Syncing repository: wizardpc-com/von-neumann-bottleneck
2026-10-10T05:21:37.9951014Z ##[group]Getting Git version info
2026-10-10T05:21:37.9952028Z Working directory is '/home/runner/work/von-neumann-bottleneck/von-neumann-bottleneck'
2026-10-10T05:21:37.9953994Z [command]/usr/bin/git version
2026-10-10T05:21:38.0013096Z git version 2.55.0
2026-10-10T05:21:38.0036532Z ##[endgroup]
2026-10-10T05:21:38.0052168Z Temporarily overriding HOME='/home/runner/work/_temp/26b23263-7e53-4ad8-9b79-ce8c1d495670' before making global git config changes
2026-10-10T05:21:38.0054954Z Adding repository directory to the temporary git global config as a safe directory
2026-10-10T05:21:38.0058718Z [command]/usr/bin/git config --global --add safe.directory /home/runner/work/von-neumann-bottleneck/von-neumann-bottleneck
2026-10-10T05:21:38.0112527Z Deleting the contents of '/home/runner/work/von-neumann-bottleneck/von-neumann-bottleneck'
2026-10-10T05:21:38.0122150Z ##[group]Initializing the repository
2026-10-10T05:21:38.0124186Z [command]/usr/bin/git init /home/runner/work/von-neumann-bottleneck/von-neumann-bottleneck
2026-10-10T05:21:38.0229710Z hint: Using 'master' as the name for the initial branch. This default branch name
2026-10-10T05:21:38.0231681Z hint: will change to "main" in Git 3.0. To configure the initial branch name
2026-10-10T05:21:38.0233669Z hint: to use in all of your new repositories, which will suppress this warning,
2026-10-10T05:21:38.0235398Z hint: call:
2026-10-10T05:21:38.0236387Z hint:
2026-10-10T05:21:38.0237249Z hint: 	git config --global init.defaultBranch <name>
2026-10-10T05:21:38.0238491Z hint:
2026-10-10T05:21:38.0239675Z hint: Names commonly chosen instead of 'master' are 'main', 'trunk' and
2026-10-10T05:21:38.0241495Z hint: 'development'. The just-created branch can be renamed via this command:
2026-10-10T05:21:38.0243249Z hint:
2026-10-10T05:21:38.0244171Z hint: 	git branch -m <name>
2026-10-10T05:21:38.0245188Z hint:
2026-10-10T05:21:38.0246390Z hint: Disable this message with "git config set advice.defaultBranchName false"
2026-10-10T05:21:38.0248651Z Initialized empty Git repository in /home/runner/work/von-neumann-bottleneck/von-neumann-bottleneck/.git/
2026-10-10T05:21:38.0252185Z [command]/usr/bin/git remote add origin https://github.com/wizardpc-com/von-neumann-bottleneck
2026-10-10T05:21:38.0297138Z ##[endgroup]
2026-10-10T05:21:38.0298475Z ##[group]Disabling automatic garbage collection
2026-10-10T05:21:38.0301550Z [command]/usr/bin/git config --local gc.auto 0
2026-10-10T05:21:38.0334971Z ##[endgroup]
2026-10-10T05:21:38.0336331Z ##[group]Setting up auth
2026-10-10T05:21:38.0343955Z [command]/usr/bin/git config --local --name-only --get-regexp core\.sshCommand
2026-10-10T05:21:38.0377726Z [command]/usr/bin/git submodule foreach --recursive sh -c "git config --local --name-only --get-regexp 'core\.sshCommand' && git config --local --unset-all 'core.sshCommand' || :"
2026-10-10T05:21:38.0747329Z [command]/usr/bin/git config --local --name-only --get-regexp http\.https\:\/\/github\.com\/\.extraheader
2026-10-10T05:21:38.0787962Z [command]/usr/bin/git submodule foreach --recursive sh -c "git config --local --name-only --get-regexp 'http\.https\:\/\/github\.com\/\.extraheader' && git config --local --unset-all 'http.https://github.com/.extraheader' || :"
2026-10-10T05:21:38.1021353Z [command]/usr/bin/git config --local --name-only --get-regexp ^includeIf\.gitdir:
2026-10-10T05:21:38.1058076Z [command]/usr/bin/git submodule foreach --recursive git config --local --show-origin --name-only --get-regexp remote.origin.url
2026-10-10T05:21:38.1278969Z [command]/usr/bin/git config --local http.https://github.com/.extraheader AUTHORIZATION: basic ***
2026-10-10T05:21:38.1318557Z ##[endgroup]
2026-10-10T05:21:38.1319397Z ##[group]Fetching the repository
2026-10-10T05:21:38.1329026Z [command]/usr/bin/git -c protocol.version=2 fetch --no-tags --prune --no-recurse-submodules --depth=1 origin +ce4608899eecbb1d9bf6c7ddfe35060833706aac:refs/remotes/pull/2/merge
2026-10-10T05:21:43.1179088Z From https://github.com/wizardpc-com/von-neumann-bottleneck
2026-10-10T05:21:43.1184602Z  * [new ref]         ce4608899eecbb1d9bf6c7ddfe35060833706aac -> pull/2/merge
2026-10-10T05:21:43.1188827Z ##[endgroup]
2026-10-10T05:21:43.1190496Z ##[group]Determining the checkout info
2026-10-10T05:21:43.1192455Z ##[endgroup]
2026-10-10T05:21:43.1194199Z [command]/usr/bin/git sparse-checkout disable
2026-10-10T05:21:43.1250719Z [command]/usr/bin/git config --local --unset-all extensions.worktreeConfig
2026-10-10T05:21:43.1289162Z ##[group]Checking out the ref
2026-10-10T05:21:43.1292674Z [command]/usr/bin/git checkout --progress --force refs/remotes/pull/2/merge
2026-10-10T05:21:44.1065205Z Note: switching to 'refs/remotes/pull/2/merge'.
2026-10-10T05:21:44.1065929Z 
2026-10-10T05:21:44.1066354Z You are in 'detached HEAD' state. You can look around, make experimental
2026-10-10T05:21:44.1067288Z changes and commit them, and you can discard any commits you make in this
2026-10-10T05:21:44.1068245Z state without impacting any branches by switching back to a branch.
2026-10-10T05:21:44.1070225Z 
2026-10-10T05:21:44.1070606Z If you want to create a new branch to retain commits you create, you may
2026-10-10T05:21:44.1071606Z do so (now or later) by using -c with the switch command. Example:
2026-10-10T05:21:44.1072051Z 
2026-10-10T05:21:44.1072234Z   git switch -c <new-branch-name>
2026-10-10T05:21:44.1072540Z 
2026-10-10T05:21:44.1072725Z Or undo this operation with:
2026-10-10T05:21:44.1074268Z 
2026-10-10T05:21:44.1074443Z   git switch -
2026-10-10T05:21:44.1074696Z 
2026-10-10T05:21:44.1075027Z Turn off this advice by setting config variable advice.detachedHead to false
2026-10-10T05:21:44.1075520Z 
2026-10-10T05:21:44.1076025Z HEAD is now at ce46088 Merge b4304788be0b02b1977fa13ba7917f9713a29c33 into 70fefddf7910b5c3b5860288ac9b3e86c5a0103c
2026-10-10T05:21:44.1122087Z ##[endgroup]
2026-10-10T05:21:44.1169626Z [command]/usr/bin/git log -1 --format=%H
2026-10-10T05:21:44.1199467Z ce4608899eecbb1d9bf6c7ddfe35060833706aac
2026-10-10T05:21:44.1417706Z ##[group]Run set -euo pipefail
2026-10-10T05:21:44.1418164Z [36;1mset -euo pipefail[0m
2026-10-10T05:21:44.1418528Z [36;1mmkdir -p "$RUNNER_TEMP/vnb-engine"[0m
2026-10-10T05:21:44.1418904Z [36;1mcd "$RUNNER_TEMP/vnb-engine"[0m
2026-10-10T05:21:44.1419582Z [36;1mrelease="https://github.com/godotengine/godot-builds/releases/download/${GODOT_VERSION}-stable"[0m
2026-10-10T05:21:44.1420224Z [36;1marchive="Godot_v${GODOT_VERSION}-stable_linux.x86_64.zip"[0m
2026-10-10T05:21:44.1420744Z [36;1mcurl --fail --location "$release/$archive" --output "$archive"[0m
2026-10-10T05:21:44.1421311Z [36;1mcurl --fail --location "$release/SHA512-SUMS.txt" --output SHA512-SUMS.txt[0m
2026-10-10T05:21:44.1421939Z [36;1mawk -v file="$archive" '$2 == file || $2 == "*" file {print}' SHA512-SUMS.txt > engine.sha512[0m
2026-10-10T05:21:44.1422462Z [36;1mtest -s engine.sha512[0m
2026-10-10T05:21:44.1422791Z [36;1msha512sum --check engine.sha512[0m
2026-10-10T05:21:44.1423481Z [36;1munzip "$archive"[0m
2026-10-10T05:21:44.1423851Z [36;1mmv "Godot_v${GODOT_VERSION}-stable_linux.x86_64" godot[0m
2026-10-10T05:21:44.1424244Z [36;1mchmod +x godot[0m
2026-10-10T05:21:44.1677590Z shell: /usr/bin/bash --noprofile --norc -e -o pipefail {0}
2026-10-10T05:21:44.1678051Z env:
2026-10-10T05:21:44.1678332Z   GODOT_VERSION: 4.7.1
2026-10-10T05:21:44.1678626Z ##[endgroup]
2026-10-10T05:21:44.1866036Z   % Total    % Received % Xferd  Average Speed   Time    Time     Time  Current
2026-10-10T05:21:44.1870612Z                                  Dload  Upload   Total   Spent    Left  Speed
2026-10-10T05:21:44.1871083Z 
2026-10-10T05:21:44.4196918Z   0     0    0     0    0     0      0      0 --:--:-- --:--:-- --:--:--     0
2026-10-10T05:21:44.4198114Z   0     0    0     0    0     0      0      0 --:--:-- --:--:-- --:--:--     0
2026-10-10T05:21:44.9509605Z 
2026-10-10T05:21:44.9510513Z 100 72.5M  100 72.5M    0     0  94.8M      0 --:--:-- --:--:-- --:--:-- 94.8M
2026-10-10T05:21:44.9592203Z   % Total    % Received % Xferd  Average Speed   Time    Time     Time  Current
2026-10-10T05:21:44.9593449Z                                  Dload  Upload   Total   Spent    Left  Speed
2026-10-10T05:21:44.9594083Z 
2026-10-10T05:21:45.0326132Z   0     0    0     0    0     0      0      0 --:--:-- --:--:-- --:--:--     0
2026-10-10T05:21:45.1580054Z   0     0    0     0    0     0      0      0 --:--:-- --:--:-- --:--:--     0
2026-10-10T05:21:45.1581087Z   0     0    0     0    0     0      0      0 --:--:-- --:--:-- --:--:--     0
2026-10-10T05:21:45.2174479Z 
2026-10-10T05:21:45.2175120Z 100  5682  100  5682    0     0  21992      0 --:--:-- --:--:-- --:--:-- 21992
2026-10-10T05:21:45.3315042Z Godot_v4.7.1-stable_linux.x86_64.zip: OK
2026-10-10T05:21:45.3504951Z Archive:  Godot_v4.7.1-stable_linux.x86_64.zip
2026-10-10T05:21:46.3171728Z   inflating: Godot_v4.7.1-stable_linux.x86_64  
2026-10-10T05:21:46.3256253Z ##[group]Run python3 scripts/verify-project.py --godot "$RUNNER_TEMP/vnb-engine/godot"
2026-10-10T05:21:46.3256930Z [36;1mpython3 scripts/verify-project.py --godot "$RUNNER_TEMP/vnb-engine/godot"[0m
2026-10-10T05:21:46.3322741Z shell: /usr/bin/bash -e {0}
2026-10-10T05:21:46.3323157Z env:
2026-10-10T05:21:46.3323368Z   GODOT_VERSION: 4.7.1
2026-10-10T05:21:46.3323596Z ##[endgroup]
2026-10-10T05:21:47.3668112Z Evidence and isolated project: /home/runner/work/von-neumann-bottleneck/von-neumann-bottleneck/.godot/verification/20261010T052146Z-b967e5d5
2026-10-10T05:21:56.8524495Z import: PASS (import.txt)
2026-10-10T05:21:57.8694004Z user_directory: PASS (user_directory.txt)
2026-10-10T05:22:00.1909023Z test_alarm_order_feedback: PASS (test_alarm_order_feedback.txt)
2026-10-10T05:22:04.1146300Z test_bilingual_typography: PASS (test_bilingual_typography.txt)
2026-10-10T05:22:05.1312759Z test_candidate_designs: PASS (test_candidate_designs.txt)
2026-10-10T05:22:08.4535735Z test_candidate_disabled_focus: PASS (test_candidate_disabled_focus.txt)
2026-10-10T05:22:10.5730448Z test_candidate_journey: PASS (test_candidate_journey.txt)
2026-10-10T05:22:12.1413129Z test_candidate_journey_review: PASS (test_candidate_journey_review.txt)
2026-10-10T05:22:17.2656316Z test_candidate_language_navigation: PASS (test_candidate_language_navigation.txt)
2026-10-10T05:22:24.4462933Z test_candidate_lifecycle: PASS (test_candidate_lifecycle.txt)
2026-10-10T05:22:25.4629092Z test_candidate_policy: PASS (test_candidate_policy.txt)
2026-10-10T05:22:27.6830623Z test_candidate_restore_selection: PASS (test_candidate_restore_selection.txt)
2026-10-10T05:22:44.5386748Z test_candidate_supports: PASS (test_candidate_supports.txt)
2026-10-10T05:22:45.6559482Z test_candidate_writer_retry: PASS (test_candidate_writer_retry.txt)
2026-10-10T05:22:48.5283872Z test_candidate_writer_retry_ui: PASS (test_candidate_writer_retry_ui.txt)
2026-10-10T05:22:53.2549826Z test_chapter_card_routes: PASS (test_chapter_card_routes.txt)
2026-10-10T05:22:55.1242141Z test_chapter_redo_shortcuts: PASS (test_chapter_redo_shortcuts.txt)
2026-10-10T05:22:56.9932315Z test_chapter_workspaces: PASS (test_chapter_workspaces.txt)
2026-10-10T05:22:58.0103325Z test_circuit_simulation: PASS (test_circuit_simulation.txt)
2026-10-10T05:22:59.0279420Z test_completion_presentation: PASS (test_completion_presentation.txt)
2026-10-10T05:23:03.1020437Z test_completion_route: PASS (test_completion_route.txt)
2026-10-10T05:23:06.0738631Z test_completion_service_clarity: PASS (test_completion_service_clarity.txt)
2026-10-10T05:23:07.0909144Z test_content_registry: PASS (test_content_registry.txt)
2026-10-10T05:23:18.8332425Z test_core_closure_navigation: PASS (test_core_closure_navigation.txt)
2026-10-10T05:23:21.9061057Z test_creation_causal_panel: PASS (test_creation_causal_panel.txt)
2026-10-10T05:23:25.2793267Z test_creation_choice_completion: PASS (test_creation_choice_completion.txt)
2026-10-10T05:23:29.6562469Z test_creation_commissions: PASS (test_creation_commissions.txt)
2026-10-10T05:23:35.1352818Z test_creation_comparison: PASS (test_creation_comparison.txt)
2026-10-10T05:23:38.8588335Z test_creation_condition_examples: PASS (test_creation_condition_examples.txt)
2026-10-10T05:23:44.8377294Z test_creation_contract: PASS (test_creation_contract.txt)
2026-10-10T05:23:48.9630957Z test_creation_cost_ledger: PASS (test_creation_cost_ledger.txt)
2026-10-10T05:23:50.0809962Z test_creation_design_evidence: PASS (test_creation_design_evidence.txt)
2026-10-10T05:23:54.6577948Z test_creation_draft_undo: PASS (test_creation_draft_undo.txt)
2026-10-10T05:24:05.1486436Z test_creation_edit_controls: PASS (test_creation_edit_controls.txt)
2026-10-10T05:24:08.6729564Z test_creation_evidence_identity: PASS (test_creation_evidence_identity.txt)
2026-10-10T05:24:10.8935451Z test_creation_evidence_reading: PASS (test_creation_evidence_reading.txt)
2026-10-10T05:24:12.0114913Z test_creation_exhibition: PASS (test_creation_exhibition.txt)
2026-10-10T05:24:13.0293189Z test_creation_explanation: PASS (test_creation_explanation.txt)
2026-10-10T05:24:15.7511974Z test_creation_future_workbench: PASS (test_creation_future_workbench.txt)
2026-10-10T05:24:19.3764852Z test_creation_input_validation: PASS (test_creation_input_validation.txt)
2026-10-10T05:24:21.9986911Z test_creation_keyboard_focus: PASS (test_creation_keyboard_focus.txt)
2026-10-10T05:24:25.8240713Z test_creation_measured_closure: PASS (test_creation_measured_closure.txt)
2026-10-10T05:24:26.9420636Z test_creation_navigation: PASS (test_creation_navigation.txt)
2026-10-10T05:24:33.9264697Z test_creation_observation_focus: PASS (test_creation_observation_focus.txt)
2026-10-10T05:24:50.5869400Z test_creation_playable_loop: PASS (test_creation_playable_loop.txt)
2026-10-10T05:24:52.0558160Z test_creation_prediction_flow: PASS (test_creation_prediction_flow.txt)
2026-10-10T05:24:53.0737714Z test_creation_prediction_memory: PASS (test_creation_prediction_memory.txt)
2026-10-10T05:24:59.9566435Z test_creation_prediction_work_view: PASS (test_creation_prediction_work_view.txt)
2026-10-10T05:25:06.6407792Z test_creation_preparation_binding: PASS (test_creation_preparation_binding.txt)
2026-10-10T05:25:07.6584281Z test_creation_profile_navigation: PASS (test_creation_profile_navigation.txt)
2026-10-10T05:25:08.7764413Z test_creation_raw_readonly: PASS (test_creation_raw_readonly.txt)
2026-10-10T05:25:12.7027688Z test_creation_route_flow: PASS (test_creation_route_flow.txt)
2026-10-10T05:25:14.7736624Z test_creation_state_regressions: PASS (test_creation_state_regressions.txt)
2026-10-10T05:25:17.4968355Z test_creation_work_focus: PASS (test_creation_work_focus.txt)
2026-10-10T05:25:38.3170568Z test_creation_workbench: PASS (test_creation_workbench.txt)
2026-10-10T05:25:41.3909250Z test_creation_writer_retry: PASS (test_creation_writer_retry.txt)
2026-10-10T05:26:04.1162688Z test_creation_writer_retry_ui: PASS (test_creation_writer_retry_ui.txt)
2026-10-10T05:26:07.3899017Z test_desktop_conventions: PASS (test_desktop_conventions.txt)
2026-10-10T05:26:10.1621762Z test_direct_task_navigation: PASS (test_direct_task_navigation.txt)
2026-10-10T05:26:12.1325841Z test_display_preferences: PASS (test_display_preferences.txt)
2026-10-10T05:26:13.1503169Z test_evidence_proxy: PASS (test_evidence_proxy.txt)
2026-10-10T05:26:16.4237953Z test_exploration: PASS (test_exploration.txt)
2026-10-10T05:26:17.7422276Z test_final_convergence: PASS (test_final_convergence.txt)
2026-10-10T05:26:21.2667475Z test_first_build_guidance: PASS (test_first_build_guidance.txt)
2026-10-10T05:26:22.2843206Z test_floating_tool_recall: PASS (test_floating_tool_recall.txt)
2026-10-10T05:26:25.9077718Z test_global_save: PASS (test_global_save.txt)
2026-10-10T05:26:30.3837490Z test_hardware_foundations_ui: PASS (test_hardware_foundations_ui.txt)
2026-10-10T05:26:35.4114258Z test_hardware_prologue_ui: PASS (test_hardware_prologue_ui.txt)
2026-10-10T05:26:39.1355089Z test_hardware_seal_navigation: PASS (test_hardware_seal_navigation.txt)
2026-10-10T05:26:50.1269835Z test_hub_first_screen: PASS (test_hub_first_screen.txt)
2026-10-10T05:26:52.9990872Z test_intelligent_state: PASS (test_intelligent_state.txt)
2026-10-10T05:26:55.2197091Z test_latch_playback_readout: PASS (test_latch_playback_readout.txt)
2026-10-10T05:26:58.3917552Z test_layout_navigation: PASS (test_layout_navigation.txt)
2026-10-10T05:26:59.9606560Z test_layout_preview_selection: PASS (test_layout_preview_selection.txt)
2026-10-10T05:27:01.7296907Z test_layout_recipe_sources: PASS (test_layout_recipe_sources.txt)
2026-10-10T05:27:04.2506494Z test_layout_simulation: PASS (test_layout_simulation.txt)
2026-10-10T05:27:05.9198091Z test_layout_trace_storage: PASS (test_layout_trace_storage.txt)
2026-10-10T05:27:07.8892178Z test_layout_ui: PASS (test_layout_ui.txt)
2026-10-10T05:27:16.0758892Z test_learning_handbook: PASS (test_learning_handbook.txt)
2026-10-10T05:27:19.3490985Z test_locality_chapter_ui: PASS (test_locality_chapter_ui.txt)
2026-10-10T05:27:21.4695193Z test_locality_restored_baseline: PASS (test_locality_restored_baseline.txt)
2026-10-10T05:27:22.9379685Z test_localization: PASS (test_localization.txt)
2026-10-10T05:27:23.9556262Z test_optional_challenges: PASS (test_optional_challenges.txt)
2026-10-10T05:27:25.4242728Z test_optional_result_feedback: PASS (test_optional_result_feedback.txt)
2026-10-10T05:27:26.4416279Z test_overlap_simulation: PASS (test_overlap_simulation.txt)
2026-10-10T05:27:29.2135199Z test_overlap_ui: PASS (test_overlap_ui.txt)
2026-10-10T05:27:30.4315391Z test_personal_records: PASS (test_personal_records.txt)
2026-10-10T05:27:31.4493008Z test_playtest_data: PASS (test_playtest_data.txt)
2026-10-10T05:27:32.5671113Z test_playtest_feedback_ui: PASS (test_playtest_feedback_ui.txt)
2026-10-10T05:27:33.5855127Z test_playtest_visits: PASS (test_playtest_visits.txt)
2026-10-10T05:27:35.2550608Z test_prediction_goal_feedback: PASS (test_prediction_goal_feedback.txt)
2026-10-10T05:27:36.4734380Z test_prediction_navigation: PASS (test_prediction_navigation.txt)
2026-10-10T05:27:37.6916661Z test_prediction_record_source: PASS (test_prediction_record_source.txt)
2026-10-10T05:27:39.5617801Z test_prediction_slice: PASS (test_prediction_slice.txt)
2026-10-10T05:27:43.3869579Z test_prediction_workbench_presentation: PASS (test_prediction_workbench_presentation.txt)
2026-10-10T05:27:45.4578784Z test_prelaunch_settings: PASS (test_prelaunch_settings.txt)
2026-10-10T05:27:47.4286861Z test_prologue_continuation: PASS (test_prologue_continuation.txt)
2026-10-10T05:27:49.1989905Z test_prologue_simulation: PASS (test_prologue_simulation.txt)
2026-10-10T05:27:50.4175816Z test_release_convergence: PASS (test_release_convergence.txt)
2026-10-10T05:27:51.4354093Z test_remote_feedback: PASS (test_remote_feedback.txt)
2026-10-10T05:27:52.4533783Z test_representation_cache: PASS (test_representation_cache.txt)
2026-10-10T05:27:56.0787017Z test_representation_closure_navigation: PASS (test_representation_closure_navigation.txt)
2026-10-10T05:27:58.9514309Z test_representation_design_shelf: PASS (test_representation_design_shelf.txt)
2026-10-10T05:28:01.0216234Z test_representation_edit_context: PASS (test_representation_edit_context.txt)
2026-10-10T05:28:02.6915083Z test_representation_plan: PASS (test_representation_plan.txt)
2026-10-10T05:28:05.4635378Z test_representation_region: PASS (test_representation_region.txt)
2026-10-10T05:28:10.7927388Z test_representation_restored_notice: PASS (test_representation_restored_notice.txt)
2026-10-10T05:28:12.2620035Z test_representation_session: PASS (test_representation_session.txt)
2026-10-10T05:28:14.9847869Z test_representation_visual: PASS (test_representation_visual.txt)
2026-10-10T05:28:37.6114056Z test_representation_workbench_presentation: PASS (test_representation_workbench_presentation.txt)
2026-10-10T05:28:40.3837547Z test_save_signature_migration: PASS (test_save_signature_migration.txt)
2026-10-10T05:28:41.5021650Z test_second_act_content: PASS (test_second_act_content.txt)
2026-10-10T05:28:43.0716038Z test_second_act_experiments: PASS (test_second_act_experiments.txt)
2026-10-10T05:28:44.0895406Z test_second_act_independent: PASS (test_second_act_independent.txt)
2026-10-10T05:28:46.7117638Z test_second_act_navigation: PASS (test_second_act_navigation.txt)
2026-10-10T05:28:49.5848746Z test_service_commission_ui: PASS (test_service_commission_ui.txt)
2026-10-10T05:28:50.7028418Z test_service_commissions: PASS (test_service_commissions.txt)
2026-10-10T05:28:52.1721570Z test_service_context_navigation: PASS (test_service_context_navigation.txt)
2026-10-10T05:28:55.5967797Z test_service_design_shelf: PASS (test_service_design_shelf.txt)
2026-10-10T05:28:57.5673639Z test_service_learning_ui: PASS (test_service_learning_ui.txt)
2026-10-10T05:28:59.8891345Z test_service_number_display: PASS (test_service_number_display.txt)
2026-10-10T05:29:04.8183607Z test_service_plan: PASS (test_service_plan.txt)
2026-10-10T05:29:07.0396779Z test_service_session: PASS (test_service_session.txt)
2026-10-10T05:29:08.8094131Z test_service_split_actions: PASS (test_service_split_actions.txt)
2026-10-10T05:29:10.2287861Z test_service_state_replay: PASS (test_service_state_replay.txt)
2026-10-10T05:29:11.4476093Z test_service_state_replay_view: PASS (test_service_state_replay_view.txt)
2026-10-10T05:29:16.0260409Z test_service_undo_context: PASS (test_service_undo_context.txt)
2026-10-10T05:29:17.0440132Z test_simulation: PASS (test_simulation.txt)
2026-10-10T05:29:19.8672803Z test_storage_caption_playback: PASS (test_storage_caption_playback.txt)
2026-10-10T05:29:21.0858713Z test_system_applications: PASS (test_system_applications.txt)
2026-10-10T05:29:22.5552017Z test_system_baseline_continuity: PASS (test_system_baseline_continuity.txt)
2026-10-10T05:29:25.7291820Z test_system_cost_evidence: PASS (test_system_cost_evidence.txt)
2026-10-10T05:29:26.7472598Z test_system_lab_simulation: PASS (test_system_lab_simulation.txt)
2026-10-10T05:29:29.9204563Z test_system_lab_ui: PASS (test_system_lab_ui.txt)
2026-10-10T05:29:31.7905756Z test_system_trace_source_binding: PASS (test_system_trace_source_binding.txt)
2026-10-10T05:29:34.1111997Z test_task_tree: PASS (test_task_tree.txt)
2026-10-10T05:29:35.1289321Z test_task_tree_layout: PASS (test_task_tree_layout.txt)
2026-10-10T05:29:37.6502243Z test_task_tree_presentation: PASS (test_task_tree_presentation.txt)
2026-10-10T05:29:38.7682053Z test_theme_reflection: PASS (test_theme_reflection.txt)
2026-10-10T05:29:40.7386695Z test_trace_ambience: PASS (test_trace_ambience.txt)
2026-10-10T05:29:46.4179038Z test_tree_journey_presentation: PASS (test_tree_journey_presentation.txt)
2026-10-10T05:29:48.8394508Z test_tutorial_replay: PASS (test_tutorial_replay.txt)
2026-10-10T05:29:51.1609344Z test_ui: PASS (test_ui.txt)
2026-10-10T05:29:53.4824330Z test_unified_journey_navigation: PASS (test_unified_journey_navigation.txt)
2026-10-10T05:29:54.5004046Z test_visit_summary: PASS (test_visit_summary.txt)
2026-10-10T05:29:56.1698151Z test_wire_drag_geometry: PASS (test_wire_drag_geometry.txt)
2026-10-10T05:29:57.3880334Z test_wire_tooltip_lifecycle: PASS (test_wire_tooltip_lifecycle.txt)
2026-10-10T05:29:58.4056774Z test_workbench_interrupted_recovery: PASS (test_workbench_interrupted_recovery.txt)
2026-10-10T05:29:59.4230613Z test_workbench_write_failure: PASS (test_workbench_write_failure.txt)
2026-10-10T05:29:59.4353670Z ##[group]Run actions/upload-artifact@v4
2026-10-10T05:29:59.4353983Z with:
2026-10-10T05:29:59.4354189Z   name: isolated-godot-results
2026-10-10T05:29:59.4354465Z   path: .godot/verification/*/*.txt
2026-10-10T05:29:59.4354731Z   retention-days: 7
2026-10-10T05:29:59.4354945Z   if-no-files-found: warn
2026-10-10T05:29:59.4355172Z   compression-level: 6
2026-10-10T05:29:59.4355390Z   overwrite: false
2026-10-10T05:29:59.4355598Z   include-hidden-files: false
2026-10-10T05:29:59.4355822Z env:
2026-10-10T05:29:59.4356007Z   GODOT_VERSION: 4.7.1
2026-10-10T05:29:59.4356215Z ##[endgroup]
2026-10-10T05:29:59.5957012Z (node:4115) [DEP0040] DeprecationWarning: The `punycode` module is deprecated. Please use a userland alternative instead.
2026-10-10T05:29:59.5957779Z (Use `node --trace-deprecation ...` to show where the warning was created)
2026-10-10T05:29:59.6277818Z With the provided path, there will be 149 files uploaded
2026-10-10T05:29:59.6281322Z Artifact name is valid!
2026-10-10T05:29:59.6282069Z Root directory input is valid!
2026-10-10T05:29:59.9579185Z Beginning upload of artifact content to blob storage
2026-10-10T05:30:00.1110525Z (node:4115) [DEP0169] DeprecationWarning: `url.parse()` behavior is not standardized and prone to errors that have security implications. Use the WHATWG URL API instead. CVEs are not issued for `url.parse()` vulnerabilities.
2026-10-10T05:30:00.4028973Z Uploaded bytes 55668
2026-10-10T05:30:00.4610221Z Finished uploading artifact content to blob storage!
2026-10-10T05:30:00.4611015Z SHA256 digest of uploaded artifact zip is eaa2f8dce16bc47fa278670f6b22ddd3892083c245f63bd1d65d2b3d5b72cf69
2026-10-10T05:30:00.4612681Z Finalizing artifact upload
2026-10-10T05:30:00.7104724Z Artifact isolated-godot-results.zip successfully finalized. Artifact ID 11660383110
2026-10-10T05:30:00.7106338Z Artifact isolated-godot-results has been successfully uploaded! Final size is 55668 bytes. Artifact ID is 11660383110
2026-10-10T05:30:00.7112292Z Artifact download URL: https://github.com/wizardpc-com/von-neumann-bottleneck/actions/runs/38027237194/artifacts/11660383110
2026-10-10T05:30:00.7324771Z Post job cleanup.
2026-10-10T05:30:00.8179836Z [command]/usr/bin/git version
2026-10-10T05:30:00.8224551Z git version 2.55.0
2026-10-10T05:30:00.8267524Z Temporarily overriding HOME='/home/runner/work/_temp/4a4b3198-f8ba-4e29-83a9-e0349de1e0cf' before making global git config changes
2026-10-10T05:30:00.8268899Z Adding repository directory to the temporary git global config as a safe directory
2026-10-10T05:30:00.8274203Z [command]/usr/bin/git config --global --add safe.directory /home/runner/work/von-neumann-bottleneck/von-neumann-bottleneck
2026-10-10T05:30:00.8310796Z [command]/usr/bin/git config --local --name-only --get-regexp core\.sshCommand
2026-10-10T05:30:00.8345972Z [command]/usr/bin/git submodule foreach --recursive sh -c "git config --local --name-only --get-regexp 'core\.sshCommand' && git config --local --unset-all 'core.sshCommand' || :"
2026-10-10T05:30:00.8594563Z [command]/usr/bin/git config --local --name-only --get-regexp http\.https\:\/\/github\.com\/\.extraheader
2026-10-10T05:30:00.8622082Z http.https://github.com/.extraheader
2026-10-10T05:30:00.8632480Z [command]/usr/bin/git config --local --unset-all http.https://github.com/.extraheader
2026-10-10T05:30:00.8668518Z [command]/usr/bin/git submodule foreach --recursive sh -c "git config --local --name-only --get-regexp 'http\.https\:\/\/github\.com\/\.extraheader' && git config --local --unset-all 'http.https://github.com/.extraheader' || :"
2026-10-10T05:30:00.8932565Z [command]/usr/bin/git config --local --name-only --get-regexp ^includeIf\.gitdir:
2026-10-10T05:30:00.8970442Z [command]/usr/bin/git submodule foreach --recursive git config --local --show-origin --name-only --get-regexp remote.origin.url
2026-10-10T05:30:00.9408481Z Cleaning up orphan processes
2026-10-10T05:30:00.9754616Z ##[warning]Node.js 20 is deprecated. The following actions target Node.js 20 but are being forced to run on Node.js 24: actions/checkout@v4, actions/upload-artifact@v4. For more information see: https://github.blog/changelog/2025-09-19-deprecation-of-node-20-on-github-actions-runners/
